Archive member included to satisfy reference by file (symbol)

D:/compile-environment/arm-gnu-toolchain-13.3.rel1-mingw-w64-i686-arm-none-eabi/bin/../lib/gcc/arm-none-eabi/13.3.1\libg.a(libc_a-exit.o)
                              D:/compile-environment/arm-gnu-toolchain-13.3.rel1-mingw-w64-i686-arm-none-eabi/bin/../lib/gcc/arm-none-eabi/13.3.1/crt0.o (exit)
D:/compile-environment/arm-gnu-toolchain-13.3.rel1-mingw-w64-i686-arm-none-eabi/bin/../lib/gcc/arm-none-eabi/13.3.1\libg.a(libc_a-findfp.o)
                              D:/compile-environment/arm-gnu-toolchain-13.3.rel1-mingw-w64-i686-arm-none-eabi/bin/../lib/gcc/arm-none-eabi/13.3.1\libg.a(libc_a-exit.o) (__stdio_exit_handler)
D:/compile-environment/arm-gnu-toolchain-13.3.rel1-mingw-w64-i686-arm-none-eabi/bin/../lib/gcc/arm-none-eabi/13.3.1\libg.a(libc_a-fwalk.o)
                              D:/compile-environment/arm-gnu-toolchain-13.3.rel1-mingw-w64-i686-arm-none-eabi/bin/../lib/gcc/arm-none-eabi/13.3.1\libg.a(libc_a-findfp.o) (_fwalk_sglue)
D:/compile-environment/arm-gnu-toolchain-13.3.rel1-mingw-w64-i686-arm-none-eabi/bin/../lib/gcc/arm-none-eabi/13.3.1\libg.a(libc_a-printf.o)
                              CMakeFiles/TEST.dir/Firmware/src/main.c.obj (printf)
D:/compile-environment/arm-gnu-toolchain-13.3.rel1-mingw-w64-i686-arm-none-eabi/bin/../lib/gcc/arm-none-eabi/13.3.1\libg.a(libc_a-stdio.o)
                              D:/compile-environment/arm-gnu-toolchain-13.3.rel1-mingw-w64-i686-arm-none-eabi/bin/../lib/gcc/arm-none-eabi/13.3.1\libg.a(libc_a-findfp.o) (__sread)
D:/compile-environment/arm-gnu-toolchain-13.3.rel1-mingw-w64-i686-arm-none-eabi/bin/../lib/gcc/arm-none-eabi/13.3.1\libg.a(libc_a-memset.o)
                              D:/compile-environment/arm-gnu-toolchain-13.3.rel1-mingw-w64-i686-arm-none-eabi/bin/../lib/gcc/arm-none-eabi/13.3.1/crt0.o (memset)
D:/compile-environment/arm-gnu-toolchain-13.3.rel1-mingw-w64-i686-arm-none-eabi/bin/../lib/gcc/arm-none-eabi/13.3.1\libg.a(libc_a-closer.o)
                              D:/compile-environment/arm-gnu-toolchain-13.3.rel1-mingw-w64-i686-arm-none-eabi/bin/../lib/gcc/arm-none-eabi/13.3.1\libg.a(libc_a-stdio.o) (_close_r)
D:/compile-environment/arm-gnu-toolchain-13.3.rel1-mingw-w64-i686-arm-none-eabi/bin/../lib/gcc/arm-none-eabi/13.3.1\libg.a(libc_a-reent.o)
                              CMakeFiles/TEST.dir/Firmware/Firmware/CMSIS/GD/GD32F30x/Source/syscalls.c.obj (errno)
D:/compile-environment/arm-gnu-toolchain-13.3.rel1-mingw-w64-i686-arm-none-eabi/bin/../lib/gcc/arm-none-eabi/13.3.1\libg.a(libc_a-impure.o)
                              D:/compile-environment/arm-gnu-toolchain-13.3.rel1-mingw-w64-i686-arm-none-eabi/bin/../lib/gcc/arm-none-eabi/13.3.1\libg.a(libc_a-printf.o) (_impure_ptr)
D:/compile-environment/arm-gnu-toolchain-13.3.rel1-mingw-w64-i686-arm-none-eabi/bin/../lib/gcc/arm-none-eabi/13.3.1\libg.a(libc_a-lseekr.o)
                              D:/compile-environment/arm-gnu-toolchain-13.3.rel1-mingw-w64-i686-arm-none-eabi/bin/../lib/gcc/arm-none-eabi/13.3.1\libg.a(libc_a-stdio.o) (_lseek_r)
D:/compile-environment/arm-gnu-toolchain-13.3.rel1-mingw-w64-i686-arm-none-eabi/bin/../lib/gcc/arm-none-eabi/13.3.1\libg.a(libc_a-readr.o)
                              D:/compile-environment/arm-gnu-toolchain-13.3.rel1-mingw-w64-i686-arm-none-eabi/bin/../lib/gcc/arm-none-eabi/13.3.1\libg.a(libc_a-stdio.o) (_read_r)
D:/compile-environment/arm-gnu-toolchain-13.3.rel1-mingw-w64-i686-arm-none-eabi/bin/../lib/gcc/arm-none-eabi/13.3.1\libg.a(libc_a-writer.o)
                              D:/compile-environment/arm-gnu-toolchain-13.3.rel1-mingw-w64-i686-arm-none-eabi/bin/../lib/gcc/arm-none-eabi/13.3.1\libg.a(libc_a-stdio.o) (_write_r)
D:/compile-environment/arm-gnu-toolchain-13.3.rel1-mingw-w64-i686-arm-none-eabi/bin/../lib/gcc/arm-none-eabi/13.3.1\libg.a(libc_a-init.o)
                              D:/compile-environment/arm-gnu-toolchain-13.3.rel1-mingw-w64-i686-arm-none-eabi/bin/../lib/gcc/arm-none-eabi/13.3.1/crt0.o (__libc_init_array)
D:/compile-environment/arm-gnu-toolchain-13.3.rel1-mingw-w64-i686-arm-none-eabi/bin/../lib/gcc/arm-none-eabi/13.3.1\libg.a(libc_a-lock.o)
                              D:/compile-environment/arm-gnu-toolchain-13.3.rel1-mingw-w64-i686-arm-none-eabi/bin/../lib/gcc/arm-none-eabi/13.3.1\libg.a(libc_a-findfp.o) (__retarget_lock_init_recursive)
D:/compile-environment/arm-gnu-toolchain-13.3.rel1-mingw-w64-i686-arm-none-eabi/bin/../lib/gcc/arm-none-eabi/13.3.1\libg.a(libc_a-__call_atexit.o)
                              D:/compile-environment/arm-gnu-toolchain-13.3.rel1-mingw-w64-i686-arm-none-eabi/bin/../lib/gcc/arm-none-eabi/13.3.1\libg.a(libc_a-exit.o) (__call_exitprocs)
D:/compile-environment/arm-gnu-toolchain-13.3.rel1-mingw-w64-i686-arm-none-eabi/bin/../lib/gcc/arm-none-eabi/13.3.1\libg.a(libc_a-atexit.o)
[...]
Memory Configuration

Name             Origin             Length             Attributes
FLASH            0x08000000         0x00040000         xr
RAM              0x20000000         0x00008000         xrw
*default*        0x00000000         0xffffffff

Linker script and memory map

LOAD D:/compile-environment/arm-gnu-toolchain-13.3.rel1-mingw-w64-i686-arm-none-eabi/bin/../lib/gcc/arm-none-eabi/13.3.1/crti.o
LOAD D:/compile-environment/arm-gnu-toolchain-13.3.rel1-mingw-w64-i686-arm-none-eabi/bin/../lib/gcc/arm-none-eabi/13.3.1/crtbegin.o
LOAD D:/compile-environment/arm-gnu-toolchain-13.3.rel1-mingw-w64-i686-arm-none-eabi/bin/../lib/gcc/arm-none-eabi/13.3.1/crt0.o
LOAD CMakeFiles/TEST.dir/Firmware/src/gd32f307c_eval.c.obj
LOAD CMakeFiles/TEST.dir/Firmware/src/gd32f30x_it.c.obj
LOAD CMakeFiles/TEST.dir/Firmware/src/main.c.obj
LOAD CMakeFiles/TEST.dir/Firmware/src/systick.c.obj
LOAD CMakeFiles/TEST.dir/Firmware/Firmware/CMSIS/GD/GD32F30x/Source/syscalls.c.obj
LOAD CMakeFiles/TEST.dir/Firmware/Firmware/CMSIS/GD/GD32F30x/Source/system_gd32f30x.c.obj
LOAD CMakeFiles/TEST.dir/Firmware/Firmware/GD32F30x_standard_peripheral/Source/gd32f30x_adc.c.obj
LOAD CMakeFiles/TEST.dir/Firmware/Firmware/GD32F30x_standard_peripheral/Source/gd32f30x_bkp.c.obj
LOAD CMakeFiles/TEST.dir/Firmware/Firmware/GD32F30x_standard_peripheral/Source/gd32f30x_can.c.obj
LOAD CMakeFiles/TEST.dir/Firmware/Firmware/GD32F30x_standard_peripheral/Source/gd32f30x_crc.c.obj
LOAD CMakeFiles/TEST.dir/Firmware/Firmware/GD32F30x_standard_peripheral/Source/gd32f30x_ctc.c.obj
LOAD CMakeFiles/TEST.dir/Firmware/Firmware/GD32F30x_standard_peripheral/Source/gd32f30x_dac.c.obj
LOAD CMakeFiles/TEST.dir/Firmware/Firmware/GD32F30x_standard_peripheral/Source/gd32f30x_dbg.c.obj
LOAD CMakeFiles/TEST.dir/Firmware/Firmware/GD32F30x_standard_peripheral/Source/gd32f30x_dma.c.obj
LOAD CMakeFiles/TEST.dir/Firmware/Firmware/GD32F30x_standard_peripheral/Source/gd32f30x_enet.c.obj
LOAD CMakeFiles/TEST.dir/Firmware/Firmware/GD32F30x_standard_peripheral/Source/gd32f30x_exmc.c.obj
LOAD CMakeFiles/TEST.dir/Firmware/Firmware/GD32F30x_standard_peripheral/Source/gd32f30x_exti.c.obj
LOAD CMakeFiles/TEST.dir/Firmware/Firmware/GD32F30x_standard_peripheral/Source/gd32f30x_fmc.c.obj
LOAD CMakeFiles/TEST.dir/Firmware/Firmware/GD32F30x_standard_peripheral/Source/gd32f30x_fwdgt.c.obj
LOAD CMakeFiles/TEST.dir/Firmware/Firmware/GD32F30x_standard_peripheral/Source/gd32f30x_gpio.c.obj
LOAD CMakeFiles/TEST.dir/Firmware/Firmware/GD32F30x_standard_peripheral/Source/gd32f30x_i2c.c.obj
LOAD CMakeFiles/TEST.dir/Firmware/Firmware/GD32F30x_standard_peripheral/Source/gd32f30x_misc.c.obj
LOAD CMakeFiles/TEST.dir/Firmware/Firmware/GD32F30x_standard_peripheral/Source/gd32f30x_pmu.c.obj
LOAD CMakeFiles/TEST.dir/Firmware/Firmware/GD32F30x_standard_peripheral/Source/gd32f30x_rcu.c.obj
LOAD CMakeFiles/TEST.dir/Firmware/Firmware/GD32F30x_standard_peripheral/Source/gd32f30x_rtc.c.obj
LOAD CMakeFiles/TEST.dir/Firmware/Firmware/GD32F30x_standard_peripheral/Source/gd32f30x_sdio.c.obj
LOAD CMakeFiles/TEST.dir/Firmware/Firmware/GD32F30x_standard_peripheral/Source/gd32f30x_spi.c.obj
LOAD CMakeFiles/TEST.dir/Firmware/Firmware/GD32F30x_standard_peripheral/Source/gd32f30x_timer.c.obj
LOAD CMakeFiles/TEST.dir/Firmware/Firmware/GD32F30x_standard_peripheral/Source/gd32f30x_usart.c.obj
LOAD CMakeFiles/TEST.dir/Firmware/Firmware/GD32F30x_standard_peripheral/Source/gd32f30x_wwdgt.c.obj
LOAD CMakeFiles/TEST.dir/Firmware/gcc_startup/startup_gd32f30x_hd.S.obj
START GROUP
LOAD D:/compile-environment/arm-gnu-toolchain-13.3.rel1-mingw-w64-i686-arm-none-eabi/bin/../lib/gcc/arm-none-eabi/13.3.1\libgcc.a
LOAD D:/compile-environment/arm-gnu-toolchain-13.3.rel1-mingw-w64-i686-arm-none-eabi/bin/../lib/gcc/arm-none-eabi/13.3.1\libg.a
LOAD D:/compile-environment/arm-gnu-toolchain-13.3.rel1-mingw-w64-i686-arm-none-eabi/bin/../lib/gcc/arm-none-eabi/13.3.1\libc.a
END GROUP
LOAD D:/compile-environment/arm-gnu-toolchain-13.3.rel1-mingw-w64-i686-arm-none-eabi/bin/../lib/gcc/arm-none-eabi/13.3.1/crtend.o
LOAD D:/compile-environment/arm-gnu-toolchain-13.3.rel1-mingw-w64-i686-arm-none-eabi/bin/../lib/gcc/arm-none-eabi/13.3.1/crtn.o
                0x00000800                        __stack_size = DEFINED (__stack_size)?__stack_size:0x800

.vectors        0x08000000      0x130
                0x08000000                        . = ALIGN (0x4)
 *(.vectors)
 .vectors       0x08000000      0x130 CMakeFiles/TEST.dir/Firmware/gcc_startup/startup_gd32f30x_hd.S.obj
                0x08000000                __gVectors
                0x08000130                        . = ALIGN (0x4)
                0x08000130                        __Vectors_End = .
                0x08000130                        __Vectors_Size = (__Vectors_End - __gVectors)

.text           0x08000130     0xb174
                0x08000130                        . = ALIGN (0x4)
 *(.text)
 .text          0x08000130      0x114 D:/compile-environment/arm-gnu-toolchain-13.3.rel1-mingw-w64-i686-arm-none-eabi/bin/../lib/gcc/arm-none-eabi/13.3.1\libgcc.a(_udivsi3.o)
                0x08000130                __aeabi_uidiv
                0x08000130                __udivsi3
                0x08000224                __aeabi_uidivmod
 .text          0x08000244      0x148 D:/compile-environment/arm-gnu-toolchain-13.3.rel1-mingw-w64-i686-arm-none-eabi/bin/../lib/gcc/arm-none-eabi/13.3.1\libgcc.a(_divsi3.o)
                0x08000244                __divsi3
                0x08000244                __aeabi_idiv
                0x0800036c                __aeabi_idivmod
 .text          0x0800038c        0x4 D:/compile-environment/arm-gnu-toolchain-13.3.rel1-mingw-w64-i686-arm-none-eabi/bin/../lib/gcc/arm-none-eabi/13.3.1\libgcc.a(_dvmd_tls.o)
                0x0800038c                __aeabi_idiv0
                0x0800038c                __aeabi_ldiv0
 .text          0x08000390      0x424 D:/compile-environment/arm-gnu-toolchain-13.3.rel1-mingw-w64-i686-arm-none-eabi/bin/../lib/gcc/arm-none-eabi/13.3.1\libgcc.a(_arm_addsubdf3.o)
                0x08000390                __aeabi_drsub
                0x08000398                __aeabi_dsub
                0x08000398                __subdf3
                0x0800039c                __aeabi_dadd
                0x0800039c                __adddf3
                0x080006ac                __floatunsidf
                0x080006ac                __aeabi_ui2d
                0x080006d0                __floatsidf
                0x080006d0                __aeabi_i2d
                0x080006f8                __aeabi_f2d
                0x080006f8                __extendsfdf2
                0x08000740                __floatundidf
                0x08000740                __aeabi_ul2d
                0x08000754                __floatdidf
                0x08000754                __aeabi_l2d
 .text          0x080007b4      0x49c D:/compile-environment/arm-gnu-toolchain-13.3.rel1-mingw-w64-i686-arm-none-eabi/bin/../lib/gcc/arm-none-eabi/13.3.1\libgcc.a(_arm_muldivdf3.o)
                0x080007b4                __aeabi_dmul
                0x080007b4                __muldf3
                0x08000a44                __divdf3
                0x08000a44                __aeabi_ddiv
 .text          0x08000c50      0x144 D:/compile-environment/arm-gnu-toolchain-13.3.rel1-mingw-w64-i686-arm-none-eabi/bin/../lib/gcc/arm-none-eabi/13.3.1\libgcc.a(_arm_cmpdf2.o)
                0x08000c50                __gtdf2
                0x08000c50                __gedf2
                0x08000c58                __ltdf2
                0x08000c58                __ledf2
                0x08000c60                __nedf2
                0x08000c60                __eqdf2
                0x08000c60                __cmpdf2
                0x08000ce8                __aeabi_cdrcmple
                0x08000d04                __aeabi_cdcmpeq
                0x08000d04                __aeabi_cdcmple
                0x08000d1c                __aeabi_dcmpeq
                0x08000d34                __aeabi_dcmplt
                0x08000d4c                __aeabi_dcmple
                0x08000d64                __aeabi_dcmpge
                0x08000d7c                __aeabi_dcmpgt
 .text          0x08000d94       0x38 D:/compile-environment/arm-gnu-toolchain-13.3.rel1-mingw-w64-i686-arm-none-eabi/bin/../lib/gcc/arm-none-eabi/13.3.1\libgcc.a(_arm_unorddf2.o)
                0x08000d94                __unorddf2
                0x08000d94                __aeabi_dcmpun
 .text          0x08000dcc       0x5c D:/compile-environment/arm-gnu-toolchain-13.3.rel1-mingw-w64-i686-arm-none-eabi/bin/../lib/gcc/arm-none-eabi/13.3.1\libgcc.a(_arm_fixdfsi.o)
                0x08000dcc                __aeabi_d2iz
                0x08000dcc                __fixdfsi
 *(.text*)
 .text.deregister_tm_clones
                0x08000e28       0x2c D:/compile-environment/arm-gnu-toolchain-13.3.rel1-mingw-w64-i686-arm-none-eabi/bin/../lib/gcc/arm-none-eabi/13.3.1/crtbegin.o
 .text.register_tm_clones
                0x08000e54       0x38 D:/compile-environment/arm-gnu-toolchain-13.3.rel1-mingw-w64-i686-arm-none-eabi/bin/../lib/gcc/arm-none-eabi/13.3.1/crtbegin.o
 .text.__do_global_dtors_aux
                0x08000e8c       0x44 D:/compile-environment/arm-gnu-toolchain-13.3.rel1-mingw-w64-i686-arm-none-eabi/bin/../lib/gcc/arm-none-eabi/13.3.1/crtbegin.o
 .text.frame_dummy
                0x08000ed0       0x34 D:/compile-environment/arm-gnu-toolchain-13.3.rel1-mingw-w64-i686-arm-none-eabi/bin/../lib/gcc/arm-none-eabi/13.3.1/crtbegin.o
 .text.gd_eval_led_init
                0x08000f04       0x38 CMakeFiles/TEST.dir/Firmware/src/gd32f307c_eval.c.obj
                0x08000f04                gd_eval_led_init
 .text.gd_eval_led_on
                0x08000f3c       0x18 CMakeFiles/TEST.dir/Firmware/src/gd32f307c_eval.c.obj
                0x08000f3c                gd_eval_led_on
 .text.gd_eval_led_off
                0x08000f54       0x18 CMakeFiles/TEST.dir/Firmware/src/gd32f307c_eval.c.obj
                0x08000f54                gd_eval_led_off
 .text.gd_eval_led_toggle
                0x08000f6c       0x30 CMakeFiles/TEST.dir/Firmware/src/gd32f307c_eval.c.obj
                0x08000f6c                gd_eval_led_toggle
 .text.gd_eval_key_init
                0x08000f9c       0x80 CMakeFiles/TEST.dir/Firmware/src/gd32f307c_eval.c.obj
                0x08000f9c                gd_eval_key_init
 .text.gd_eval_key_state_get
                0x0800101c       0x1c CMakeFiles/TEST.dir/Firmware/src/gd32f307c_eval.c.obj
                0x0800101c                gd_eval_key_state_get
 .text.gd_eval_com_init
                0x08001038       0x98 CMakeFiles/TEST.dir/Firmware/src/gd32f307c_eval.c.obj
                0x08001038                gd_eval_com_init
 .text.NMI_Handler
                0x080010d0        0x2 CMakeFiles/TEST.dir/Firmware/src/gd32f30x_it.c.obj
                0x080010d0                NMI_Handler
 .text.HardFault_Handler
                0x080010d2        0x2 CMakeFiles/TEST.dir/Firmware/src/gd32f30x_it.c.obj
                0x080010d2                HardFault_Handler
 .text.MemManage_Handler
                0x080010d4        0x2 CMakeFiles/TEST.dir/Firmware/src/gd32f30x_it.c.obj
                0x080010d4                MemManage_Handler
 .text.BusFault_Handler
                0x080010d6        0x2 CMakeFiles/TEST.dir/Firmware/src/gd32f30x_it.c.obj
                0x080010d6                BusFault_Handler
 .text.UsageFault_Handler
                0x080010d8        0x2 CMakeFiles/TEST.dir/Firmware/src/gd32f30x_it.c.obj
                0x080010d8                UsageFault_Handler
 .text.SVC_Handler
                0x080010da        0x2 CMakeFiles/TEST.dir/Firmware/src/gd32f30x_it.c.obj
                0x080010da                SVC_Handler
 .text.DebugMon_Handler
                0x080010dc        0x2 CMakeFiles/TEST.dir/Firmware/src/gd32f30x_it.c.obj
                0x080010dc                DebugMon_Handler
 .text.PendSV_Handler
                0x080010de        0x2 CMakeFiles/TEST.dir/Firmware/src/gd32f30x_it.c.obj
                0x080010de                PendSV_Handler
 .text.SysTick_Handler
                0x080010e0        0xc CMakeFiles/TEST.dir/Firmware/src/gd32f30x_it.c.obj
                0x080010e0                SysTick_Handler
 .text.led_spark
                0x080010ec       0x38 CMakeFiles/TEST.dir/Firmware/src/main.c.obj
                0x080010ec                led_spark
 .text.main     0x08001124       0x98 CMakeFiles/TEST.dir/Firmware/src/main.c.obj
                0x08001124                main
 .text.systick_config
                0x080011bc       0x40 CMakeFiles/TEST.dir/Firmware/src/systick.c.obj
                0x080011bc                systick_config
 .text.delay_1ms
                0x080011fc       0x14 CMakeFiles/TEST.dir/Firmware/src/systick.c.obj
                0x080011fc                delay_1ms
 .text.delay_decrement
                0x08001210       0x14 CMakeFiles/TEST.dir/Firmware/src/systick.c.obj
                0x08001210                delay_decrement
 .text._sbrk    0x08001224       0x34 CMakeFiles/TEST.dir/Firmware/Firmware/CMSIS/GD/GD32F30x/Source/syscalls.c.obj
                0x08001224                _sbrk
 .text._getpid  0x08001258        0x4 CMakeFiles/TEST.dir/Firmware/Firmware/CMSIS/GD/GD32F30x/Source/syscalls.c.obj
                0x08001258                _getpid
 .text._kill    0x0800125c       0x10 CMakeFiles/TEST.dir/Firmware/Firmware/CMSIS/GD/GD32F30x/Source/syscalls.c.obj
                0x0800125c                _kill
 .text._exit    0x0800126c        0xc CMakeFiles/TEST.dir/Firmware/Firmware/CMSIS/GD/GD32F30x/Source/syscalls.c.obj
                0x0800126c                _exit
 .text._write   0x08001278       0x1c CMakeFiles/TEST.dir/Firmware/Firmware/CMSIS/GD/GD32F30x/Source/syscalls.c.obj
                0x08001278                _write
 .text._close   0x08001294        0x6 CMakeFiles/TEST.dir/Firmware/Firmware/CMSIS/GD/GD32F30x/Source/syscalls.c.obj
                0x08001294                _close
 .text._fstat   0x0800129a        0xa CMakeFiles/TEST.dir/Firmware/Firmware/CMSIS/GD/GD32F30x/Source/syscalls.c.obj
                0x0800129a                _fstat
 .text._isatty  0x080012a4        0x4 CMakeFiles/TEST.dir/Firmware/Firmware/CMSIS/GD/GD32F30x/Source/syscalls.c.obj
                0x080012a4                _isatty
 .text._lseek   0x080012a8        0x4 CMakeFiles/TEST.dir/Firmware/Firmware/CMSIS/GD/GD32F30x/Source/syscalls.c.obj
                0x080012a8                _lseek
 .text._read    0x080012ac       0x20 CMakeFiles/TEST.dir/Firmware/Firmware/CMSIS/GD/GD32F30x/Source/syscalls.c.obj
                0x080012ac                _read
 .text.system_clock_120m_hxtal
                0x080012cc       0xd8 CMakeFiles/TEST.dir/Firmware/Firmware/CMSIS/GD/GD32F30x/Source/system_gd32f30x.c.obj
 .text.system_clock_config
                0x080013a4        0x8 CMakeFiles/TEST.dir/Firmware/Firmware/CMSIS/GD/GD32F30x/Source/system_gd32f30x.c.obj
 .text.SystemInit
                0x080013ac       0x88 CMakeFiles/TEST.dir/Firmware/Firmware/CMSIS/GD/GD32F30x/Source/system_gd32f30x.c.obj
                0x080013ac                SystemInit
 .text.exti_init
                0x08001434       0xb4 CMakeFiles/TEST.dir/Firmware/Firmware/GD32F30x_standard_peripheral/Source/gd32f30x_exti.c.obj
                0x08001434                exti_init
 .text.exti_interrupt_flag_clear
                0x080014e8        0xc CMakeFiles/TEST.dir/Firmware/Firmware/GD32F30x_standard_peripheral/Source/gd32f30x_exti.c.obj
                0x080014e8                exti_interrupt_flag_clear
 .text.gpio_init
                0x080014f4       0xa2 CMakeFiles/TEST.dir/Firmware/Firmware/GD32F30x_standard_peripheral/Source/gd32f30x_gpio.c.obj
                0x080014f4                gpio_init
 .text.gpio_bit_write
                0x08001596        0xa CMakeFiles/TEST.dir/Firmware/Firmware/GD32F30x_standard_peripheral/Source/gd32f30x_gpio.c.obj
                0x08001596                gpio_bit_write
 .text.gpio_input_bit_get
                0x080015a0        0xe CMakeFiles/TEST.dir/Firmware/Firmware/GD32F30x_standard_peripheral/Source/gd32f30x_gpio.c.obj
                0x080015a0                gpio_input_bit_get
 *fill*         0x080015ae        0x2 
 .text.gpio_exti_source_select
                0x080015b0       0x74 CMakeFiles/TEST.dir/Firmware/Firmware/GD32F30x_standard_peripheral/Source/gd32f30x_gpio.c.obj
                0x080015b0                gpio_exti_source_select
 .text.nvic_priority_group_set
                0x08001624       0x14 CMakeFiles/TEST.dir/Firmware/Firmware/GD32F30x_standard_peripheral/Source/gd32f30x_misc.c.obj
                0x08001624                nvic_priority_group_set
 .text.nvic_irq_enable
                0x08001638       0xb0 CMakeFiles/TEST.dir/Firmware/Firmware/GD32F30x_standard_peripheral/Source/gd32f30x_misc.c.obj
                0x08001638                nvic_irq_enable
 .text.rcu_periph_clock_enable
                0x080016e8       0x1a CMakeFiles/TEST.dir/Firmware/Firmware/GD32F30x_standard_peripheral/Source/gd32f30x_rcu.c.obj
                0x080016e8                rcu_periph_clock_enable
 .text.rcu_periph_reset_enable
                0x08001702       0x1a CMakeFiles/TEST.dir/Firmware/Firmware/GD32F30x_standard_peripheral/Source/gd32f30x_rcu.c.obj
                0x08001702                rcu_periph_reset_enable
 .text.rcu_periph_reset_disable
                0x0800171c       0x1c CMakeFiles/TEST.dir/Firmware/Firmware/GD32F30x_standard_peripheral/Source/gd32f30x_rcu.c.obj
                0x0800171c                rcu_periph_reset_disable
 .text.rcu_clock_freq_get
                0x08001738      0x108 CMakeFiles/TEST.dir/Firmware/Firmware/GD32F30x_standard_peripheral/Source/gd32f30x_rcu.c.obj
                0x08001738                rcu_clock_freq_get
 .text.usart_deinit
                0x08001840       0x8c CMakeFiles/TEST.dir/Firmware/Firmware/GD32F30x_standard_peripheral/Source/gd32f30x_usart.c.obj
                0x08001840                usart_deinit
 .text.usart_baudrate_set
                0x080018cc       0x7c CMakeFiles/TEST.dir/Firmware/Firmware/GD32F30x_standard_peripheral/Source/gd32f30x_usart.c.obj
                0x080018cc                usart_baudrate_set
 .text.usart_enable
                0x08001948        0xa CMakeFiles/TEST.dir/Firmware/Firmware/GD32F30x_standard_peripheral/Source/gd32f30x_usart.c.obj
                0x08001948                usart_enable
 .text.usart_transmit_config
                0x08001952       0x14 CMakeFiles/TEST.dir/Firmware/Firmware/GD32F30x_standard_peripheral/Source/gd32f30x_usart.c.obj
                0x08001952                usart_transmit_config
 .text.usart_receive_config
                0x08001966       0x14 CMakeFiles/TEST.dir/Firmware/Firmware/GD32F30x_standard_peripheral/Source/gd32f30x_usart.c.obj
                0x08001966                usart_receive_config
 *fill*         0x0800197a        0x2 
 .text.Reset_Handler
                0x0800197c       0x48 CMakeFiles/TEST.dir/Firmware/gcc_startup/startup_gd32f30x_hd.S.obj
                0x0800197c                Reset_Handler
 .text.Default_Handler
                0x080019c4        0x2 CMakeFiles/TEST.dir/Firmware/gcc_startup/startup_gd32f30x_hd.S.obj
                0x080019c4                RTC_Alarm_IRQHandler
                0x080019c4                EXTI2_IRQHandler
                0x080019c4                TIMER2_IRQHandler
                0x080019c4                TIMER5_IRQHandler
                0x080019c4                LVD_IRQHandler
                0x080019c4                TIMER0_BRK_IRQHandler
                0x080019c4                ADC0_1_IRQHandler
                0x080019c4                TIMER0_UP_IRQHandler
                0x080019c4                SDIO_IRQHandler
                0x080019c4                EXTI3_IRQHandler
                0x080019c4                TIMER3_IRQHandler
                0x080019c4                DMA0_Channel6_IRQHandler
                0x080019c4                I2C0_EV_IRQHandler
                0x080019c4                EXTI0_IRQHandler
                0x080019c4                TIMER4_IRQHandler
                0x080019c4                SPI1_IRQHandler
                0x080019c4                DMA0_Channel0_IRQHandler
                0x080019c4                TAMPER_IRQHandler
                0x080019c4                DMA1_Channel0_IRQHandler
                0x080019c4                TIMER6_IRQHandler
                0x080019c4                DMA0_Channel3_IRQHandler
                0x080019c4                I2C0_ER_IRQHandler
                0x080019c4                RTC_IRQHandler
                0x080019c4                TIMER7_UP_IRQHandler
                0x080019c4                DMA0_Channel2_IRQHandler
                0x080019c4                USART0_IRQHandler
                0x080019c4                TIMER1_IRQHandler
                0x080019c4                TIMER7_TRG_CMT_IRQHandler
                0x080019c4                TIMER0_TRG_CMT_IRQHandler
                0x080019c4                I2C1_EV_IRQHandler
                0x080019c4                UART4_IRQHandler
                0x080019c4                EXTI10_15_IRQHandler
                0x080019c4                DMA1_Channel1_IRQHandler
                0x080019c4                Default_Handler
                0x080019c4                TIMER7_Channel_IRQHandler
                0x080019c4                WWDGT_IRQHandler
                0x080019c4                EXMC_IRQHandler
                0x080019c4                ADC2_IRQHandler
                0x080019c4                SPI2_IRQHandler
                0x080019c4                USBD_WKUP_IRQHandler
                0x080019c4                RCU_CTC_IRQHandler
                0x080019c4                TIMER7_BRK_IRQHandler
                0x080019c4                EXTI4_IRQHandler
                0x080019c4                USBD_HP_CAN0_TX_IRQHandler
                0x080019c4                CAN0_RX1_IRQHandler
                0x080019c4                DMA0_Channel5_IRQHandler
                0x080019c4                EXTI5_9_IRQHandler
                0x080019c4                DMA0_Channel1_IRQHandler
                0x080019c4                TIMER0_Channel_IRQHandler
                0x080019c4                EXTI1_IRQHandler
                0x080019c4                SPI0_IRQHandler
                0x080019c4                DMA1_Channel3_4_IRQHandler
                0x080019c4                USART2_IRQHandler
                0x080019c4                CAN0_EWMC_IRQHandler
                0x080019c4                DMA1_Channel2_IRQHandler
                0x080019c4                USBD_LP_CAN0_RX0_IRQHandler
                0x080019c4                USART1_IRQHandler
                0x080019c4                UART3_IRQHandler
                0x080019c4                I2C1_ER_IRQHandler
                0x080019c4                FMC_IRQHandler
                0x080019c4                DMA0_Channel4_IRQHandler
 *fill*         0x080019c6        0x2 
 .text.stdio_exit_handler
                0x080019c8       0x28 D:/compile-environment/arm-gnu-toolchain-13.3.rel1-mingw-w64-i686-arm-none-eabi/bin/../lib/gcc/arm-none-eabi/13.3.1\libg.a(libc_a-findfp.o)
 .text.cleanup_stdio
                0x080019f0       0x54 D:/compile-environment/arm-gnu-toolchain-13.3.rel1-mingw-w64-i686-arm-none-eabi/bin/../lib/gcc/arm-none-eabi/13.3.1\libg.a(libc_a-findfp.o)
 .text.global_stdio_init.part.0
                0x08001a44      0x14c D:/compile-environment/arm-gnu-toolchain-13.3.rel1-mingw-w64-i686-arm-none-eabi/bin/../lib/gcc/arm-none-eabi/13.3.1\libg.a(libc_a-findfp.o)
 .text.__sinit  0x08001b90       0x64 D:/compile-environment/arm-gnu-toolchain-13.3.rel1-mingw-w64-i686-arm-none-eabi/bin/../lib/gcc/arm-none-eabi/13.3.1\libg.a(libc_a-findfp.o)
                0x08001b90                __sinit
 .text.__sfp_lock_acquire
                0x08001bf4       0x18 D:/compile-environment/arm-gnu-toolchain-13.3.rel1-mingw-w64-i686-arm-none-eabi/bin/../lib/gcc/arm-none-eabi/13.3.1\libg.a(libc_a-findfp.o)
                0x08001bf4                __sfp_lock_acquire
 .text.__sfp_lock_release
                0x08001c0c       0x18 D:/compile-environment/arm-gnu-toolchain-13.3.rel1-mingw-w64-i686-arm-none-eabi/bin/../lib/gcc/arm-none-eabi/13.3.1\libg.a(libc_a-findfp.o)
                0x08001c0c                __sfp_lock_release
 .text._fwalk_sglue
                0x08001c24       0x78 D:/compile-environment/arm-gnu-toolchain-13.3.rel1-mingw-w64-i686-arm-none-eabi/bin/../lib/gcc/arm-none-eabi/13.3.1\libg.a(libc_a-fwalk.o)
                0x08001c24                _fwalk_sglue
 .text.printf   0x08001c9c       0x3c D:/compile-environment/arm-gnu-toolchain-13.3.rel1-mingw-w64-i686-arm-none-eabi/bin/../lib/gcc/arm-none-eabi/13.3.1\libg.a(libc_a-printf.o)
                0x08001c9c                printf
 .text.__sread  0x08001cd8       0x34 D:/compile-environment/arm-gnu-toolchain-13.3.rel1-mingw-w64-i686-arm-none-eabi/bin/../lib/gcc/arm-none-eabi/13.3.1\libg.a(libc_a-stdio.o)
                0x08001cd8                __sread
 .text.__swrite
                0x08001d0c       0x5c D:/compile-environment/arm-gnu-toolchain-13.3.rel1-mingw-w64-i686-arm-none-eabi/bin/../lib/gcc/arm-none-eabi/13.3.1\libg.a(libc_a-stdio.o)
                0x08001d0c                __swrite
 .text.__sseek  0x08001d68       0x30 D:/compile-environment/arm-gnu-toolchain-13.3.rel1-mingw-w64-i686-arm-none-eabi/bin/../lib/gcc/arm-none-eabi/13.3.1\libg.a(libc_a-stdio.o)
                0x08001d68                __sseek
 .text.__sclose
                0x08001d98       0x14 D:/compile-environment/arm-gnu-toolchain-13.3.rel1-mingw-w64-i686-arm-none-eabi/bin/../lib/gcc/arm-none-eabi/13.3.1\libg.a(libc_a-stdio.o)
                0x08001d98                __sclose
 .text.memset   0x08001dac       0xfc D:/compile-environment/arm-gnu-toolchain-13.3.rel1-mingw-w64-i686-arm-none-eabi/bin/../lib/gcc/arm-none-eabi/13.3.1\libg.a(libc_a-memset.o)
                0x08001dac                memset
 .text._close_r
                0x08001ea8       0x3c D:/compile-environment/arm-gnu-toolchain-13.3.rel1-mingw-w64-i686-arm-none-eabi/bin/../lib/gcc/arm-none-eabi/13.3.1\libg.a(libc_a-closer.o)
                0x08001ea8                _close_r
 .text._lseek_r
                0x08001ee4       0x48 D:/compile-environment/arm-gnu-toolchain-13.3.rel1-mingw-w64-i686-arm-none-eabi/bin/../lib/gcc/arm-none-eabi/13.3.1\libg.a(libc_a-lseekr.o)
                0x08001ee4                _lseek_r
 .text._read_r  0x08001f2c       0x48 D:/compile-environment/arm-gnu-toolchain-13.3.rel1-mingw-w64-i686-arm-none-eabi/bin/../lib/gcc/arm-none-eabi/13.3.1\libg.a(libc_a-readr.o)
                0x08001f2c                _read_r
 .text._write_r
                0x08001f74       0x48 D:/compile-environment/arm-gnu-toolchain-13.3.rel1-mingw-w64-i686-arm-none-eabi/bin/../lib/gcc/arm-none-eabi/13.3.1\libg.a(libc_a-writer.o)
                0x08001f74                _write_r
 .text.__libc_init_array
                0x08001fbc       0x90 D:/compile-environment/arm-gnu-toolchain-13.3.rel1-mingw-w64-i686-arm-none-eabi/bin/../lib/gcc/arm-none-eabi/13.3.1\libg.a(libc_a-init.o)
                0x08001fbc                __libc_init_array
 .text.__retarget_lock_init_recursive
                0x0800204c        0x4 D:/compile-environment/arm-gnu-toolchain-13.3.rel1-mingw-w64-i686-arm-none-eabi/bin/../lib/gcc/arm-none-eabi/13.3.1\libg.a(libc_a-lock.o)
                0x0800204c                __retarget_lock_init_recursive
 .text.__retarget_lock_close_recursive
                0x08002050        0x4 D:/compile-environment/arm-gnu-toolchain-13.3.rel1-mingw-w64-i686-arm-none-eabi/bin/../lib/gcc/arm-none-eabi/13.3.1\libg.a(libc_a-lock.o)
                0x08002050                __retarget_lock_close_recursive
 .text.__retarget_lock_acquire_recursive
                0x08002054        0x4 D:/compile-environment/arm-gnu-toolchain-13.3.rel1-mingw-w64-i686-arm-none-eabi/bin/../lib/gcc/arm-none-eabi/13.3.1\libg.a(libc_a-lock.o)
                0x08002054                __retarget_lock_acquire_recursive
 .text.__retarget_lock_release_recursive
                0x08002058        0x4 D:/compile-environment/arm-gnu-toolchain-13.3.rel1-mingw-w64-i686-arm-none-eabi/bin/../lib/gcc/arm-none-eabi/13.3.1\libg.a(libc_a-lock.o)
                0x08002058                __retarget_lock_release_recursive
 .text.startup.register_fini
                0x0800205c       0x28 D:/compile-environment/arm-gnu-toolchain-13.3.rel1-mingw-w64-i686-arm-none-eabi/bin/../lib/gcc/arm-none-eabi/13.3.1\libg.a(libc_a-__call_atexit.o)
 .text.atexit   0x08002084       0x20 D:/compile-environment/arm-gnu-toolchain-13.3.rel1-mingw-w64-i686-arm-none-eabi/bin/../lib/gcc/arm-none-eabi/13.3.1\libg.a(libc_a-atexit.o)
                0x08002084                atexit
 .text._malloc_trim_r
                0x080020a4      0x114 D:/compile-environment/arm-gnu-toolchain-13.3.rel1-mingw-w64-i686-arm-none-eabi/bin/../lib/gcc/arm-none-eabi/13.3.1\libg.a(libc_a-freer.o)
                0x080020a4                _malloc_trim_r
 .text._free_r  0x080021b8      0x2e8 D:/compile-environment/arm-gnu-toolchain-13.3.rel1-mingw-w64-i686-arm-none-eabi/bin/../lib/gcc/arm-none-eabi/13.3.1\libg.a(libc_a-freer.o)
                0x080021b8                _free_r
 .text._malloc_r
                0x080024a0      0x7b4 D:/compile-environment/arm-gnu-toolchain-13.3.rel1-mingw-w64-i686-arm-none-eabi/bin/../lib/gcc/arm-none-eabi/13.3.1\libg.a(libc_a-mallocr.o)
                0x080024a0                _malloc_r
 .text.__malloc_lock
                0x08002c54       0x18 D:/compile-environment/arm-gnu-toolchain-13.3.rel1-mingw-w64-i686-arm-none-eabi/bin/../lib/gcc/arm-none-eabi/13.3.1\libg.a(libc_a-mlock.o)
                0x08002c54                __malloc_lock
 .text.__malloc_unlock
                0x08002c6c       0x18 D:/compile-environment/arm-gnu-toolchain-13.3.rel1-mingw-w64-i686-arm-none-eabi/bin/../lib/gcc/arm-none-eabi/13.3.1\libg.a(libc_a-mlock.o)
                0x08002c6c                __malloc_unlock
 .text._vfprintf_r
                0x08002c84     0x2d0c D:/compile-environment/arm-gnu-toolchain-13.3.rel1-mingw-w64-i686-arm-none-eabi/bin/../lib/gcc/arm-none-eabi/13.3.1\libg.a(libc_a-vfprintf.o)
                0x08002c84                _vfprintf_r
 .text.__sbprintf
                0x08005990       0xd4 D:/compile-environment/arm-gnu-toolchain-13.3.rel1-mingw-w64-i686-arm-none-eabi/bin/../lib/gcc/arm-none-eabi/13.3.1\libg.a(libc_a-vfprintf.o)
 .text.__sprint_r
                0x08005a64       0x34 D:/compile-environment/arm-gnu-toolchain-13.3.rel1-mingw-w64-i686-arm-none-eabi/bin/../lib/gcc/arm-none-eabi/13.3.1\libg.a(libc_a-sprint_r.o)
                0x08005a64                __sprint_r
 .text._fclose_r
                0x08005a98      0x154 D:/compile-environment/arm-gnu-toolchain-13.3.rel1-mingw-w64-i686-arm-none-eabi/bin/../lib/gcc/arm-none-eabi/13.3.1\libg.a(libc_a-fclose.o)
                0x08005a98                _fclose_r
 .text.__sflush_r
                0x08005bec      0x210 D:/compile-environment/arm-gnu-toolchain-13.3.rel1-mingw-w64-i686-arm-none-eabi/bin/../lib/gcc/arm-none-eabi/13.3.1\libg.a(libc_a-fflush.o)
                0x08005bec                __sflush_r
 .text._fflush_r
                0x08005dfc       0x9c D:/compile-environment/arm-gnu-toolchain-13.3.rel1-mingw-w64-i686-arm-none-eabi/bin/../lib/gcc/arm-none-eabi/13.3.1\libg.a(libc_a-fflush.o)
                0x08005dfc                _fflush_r
 .text.__sfvwrite_r
                0x08005e98      0x4c8 D:/compile-environment/arm-gnu-toolchain-13.3.rel1-mingw-w64-i686-arm-none-eabi/bin/../lib/gcc/arm-none-eabi/13.3.1\libg.a(libc_a-fvwrite.o)
                0x08005e98                __sfvwrite_r
 .text.__swsetup_r
                0x08006360      0x150 D:/compile-environment/arm-gnu-toolchain-13.3.rel1-mingw-w64-i686-arm-none-eabi/bin/../lib/gcc/arm-none-eabi/13.3.1\libg.a(libc_a-wsetup.o)
                0x08006360                __swsetup_r
 .text.memmove  0x080064b0      0x154 D:/compile-environment/arm-gnu-toolchain-13.3.rel1-mingw-w64-i686-arm-none-eabi/bin/../lib/gcc/arm-none-eabi/13.3.1\libg.a(libc_a-memmove.o)
                0x080064b0                memmove
 .text.strncpy  0x08006604       0xd0 D:/compile-environment/arm-gnu-toolchain-13.3.rel1-mingw-w64-i686-arm-none-eabi/bin/../lib/gcc/arm-none-eabi/13.3.1\libg.a(libc_a-strncpy.o)
                0x08006604                strncpy
 .text.__locale_mb_cur_max
                0x080066d4       0x10 D:/compile-environment/arm-gnu-toolchain-13.3.rel1-mingw-w64-i686-arm-none-eabi/bin/../lib/gcc/arm-none-eabi/13.3.1\libg.a(libc_a-locale.o)
                0x080066d4                __locale_mb_cur_max
 .text._localeconv_r
                0x080066e4        0xc D:/compile-environment/arm-gnu-toolchain-13.3.rel1-mingw-w64-i686-arm-none-eabi/bin/../lib/gcc/arm-none-eabi/13.3.1\libg.a(libc_a-localeconv.o)
                0x080066e4                _localeconv_r
 .text._sbrk_r  0x080066f0       0x44 D:/compile-environment/arm-gnu-toolchain-13.3.rel1-mingw-w64-i686-arm-none-eabi/bin/../lib/gcc/arm-none-eabi/13.3.1\libg.a(libc_a-sbrkr.o)
                0x080066f0                _sbrk_r
 .text.__libc_fini_array
                0x08006734       0x44 D:/compile-environment/arm-gnu-toolchain-13.3.rel1-mingw-w64-i686-arm-none-eabi/bin/../lib/gcc/arm-none-eabi/13.3.1\libg.a(libc_a-fini.o)
                0x08006734                __libc_fini_array
 .text.sysconf  0x08006778       0x30 D:/compile-environment/arm-gnu-toolchain-13.3.rel1-mingw-w64-i686-arm-none-eabi/bin/../lib/gcc/arm-none-eabi/13.3.1\libg.a(libc_a-sysconf.o)
                0x08006778                sysconf
 .text.memchr   0x080067a8       0xf0 D:/compile-environment/arm-gnu-toolchain-13.3.rel1-mingw-w64-i686-arm-none-eabi/bin/../lib/gcc/arm-none-eabi/13.3.1\libg.a(libc_a-memchr-stub.o)
                0x080067a8                memchr
 .text.memcpy   0x08006898      0x114 D:/compile-environment/arm-gnu-toolchain-13.3.rel1-mingw-w64-i686-arm-none-eabi/bin/../lib/gcc/arm-none-eabi/13.3.1\libg.a(libc_a-memcpy-stub.o)
                0x08006898                memcpy
 .text.strlen   0x080069ac       0x60 D:/compile-environment/arm-gnu-toolchain-13.3.rel1-mingw-w64-i686-arm-none-eabi/bin/../lib/gcc/arm-none-eabi/13.3.1\libg.a(libc_a-strlen-stub.o)
                0x080069ac                strlen
 .text.frexp    0x08006a0c       0xa4 D:/compile-environment/arm-gnu-toolchain-13.3.rel1-mingw-w64-i686-arm-none-eabi/bin/../lib/gcc/arm-none-eabi/13.3.1\libg.a(libm_a-s_frexp.o)
                0x08006a0c                frexp
 .text.__register_exitproc
                0x08006ab0       0xb8 D:/compile-environment/arm-gnu-toolchain-13.3.rel1-mingw-w64-i686-arm-none-eabi/bin/../lib/gcc/arm-none-eabi/13.3.1\libg.a(libc_a-__atexit.o)
                0x08006ab0                __register_exitproc
 .text.quorem   0x08006b68      0x1d8 D:/compile-environment/arm-gnu-toolchain-13.3.rel1-mingw-w64-i686-arm-none-eabi/bin/../lib/gcc/arm-none-eabi/13.3.1\libg.a(libc_a-dtoa.o)
 .text._dtoa_r  0x08006d40     0x16cc D:/compile-environment/arm-gnu-toolchain-13.3.rel1-mingw-w64-i686-arm-none-eabi/bin/../lib/gcc/arm-none-eabi/13.3.1\libg.a(libc_a-dtoa.o)
                0x08006d40                _dtoa_r
 .text.__ascii_mbtowc
                0x0800840c       0x44 D:/compile-environment/arm-gnu-toolchain-13.3.rel1-mingw-w64-i686-arm-none-eabi/bin/../lib/gcc/arm-none-eabi/13.3.1\libg.a(libc_a-mbtowc_r.o)
                0x0800840c                __ascii_mbtowc
 .text._Balloc  0x08008450       0x8c D:/compile-environment/arm-gnu-toolchain-13.3.rel1-mingw-w64-i686-arm-none-eabi/bin/../lib/gcc/arm-none-eabi/13.3.1\libg.a(libc_a-mprec.o)
                0x08008450                _Balloc
 .text._Bfree   0x080084dc       0x1c D:/compile-environment/arm-gnu-toolchain-13.3.rel1-mingw-w64-i686-arm-none-eabi/bin/../lib/gcc/arm-none-eabi/13.3.1\libg.a(libc_a-mprec.o)
                0x080084dc                _Bfree
 .text.__multadd
                0x080084f8      0x100 D:/compile-environment/arm-gnu-toolchain-13.3.rel1-mingw-w64-i686-arm-none-eabi/bin/../lib/gcc/arm-none-eabi/13.3.1\libg.a(libc_a-mprec.o)
                0x080084f8                __multadd
 .text.__hi0bits
                0x080085f8       0x60 D:/compile-environment/arm-gnu-toolchain-13.3.rel1-mingw-w64-i686-arm-none-eabi/bin/../lib/gcc/arm-none-eabi/13.3.1\libg.a(libc_a-mprec.o)
                0x080085f8                __hi0bits
 .text.__lo0bits
                0x08008658       0xa0 D:/compile-environment/arm-gnu-toolchain-13.3.rel1-mingw-w64-i686-arm-none-eabi/bin/../lib/gcc/arm-none-eabi/13.3.1\libg.a(libc_a-mprec.o)
                0x08008658                __lo0bits
 .text.__i2b    0x080086f8       0xac D:/compile-environment/arm-gnu-toolchain-13.3.rel1-mingw-w64-i686-arm-none-eabi/bin/../lib/gcc/arm-none-eabi/13.3.1\libg.a(libc_a-mprec.o)
                0x080086f8                __i2b
 .text.__multiply
                0x080087a4      0x218 D:/compile-environment/arm-gnu-toolchain-13.3.rel1-mingw-w64-i686-arm-none-eabi/bin/../lib/gcc/arm-none-eabi/13.3.1\libg.a(libc_a-mprec.o)
                0x080087a4                __multiply
 .text.__pow5mult
                0x080089bc      0x12c D:/compile-environment/arm-gnu-toolchain-13.3.rel1-mingw-w64-i686-arm-none-eabi/bin/../lib/gcc/arm-none-eabi/13.3.1\libg.a(libc_a-mprec.o)
                0x080089bc                __pow5mult
 .text.__lshift
                0x08008ae8      0x144 D:/compile-environment/arm-gnu-toolchain-13.3.rel1-mingw-w64-i686-arm-none-eabi/bin/../lib/gcc/arm-none-eabi/13.3.1\libg.a(libc_a-mprec.o)
                0x08008ae8                __lshift
 .text.__mcmp   0x08008c2c       0x54 D:/compile-environment/arm-gnu-toolchain-13.3.rel1-mingw-w64-i686-arm-none-eabi/bin/../lib/gcc/arm-none-eabi/13.3.1\libg.a(libc_a-mprec.o)
                0x08008c2c                __mcmp
 .text.__mdiff  0x08008c80      0x214 D:/compile-environment/arm-gnu-toolchain-13.3.rel1-mingw-w64-i686-arm-none-eabi/bin/../lib/gcc/arm-none-eabi/13.3.1\libg.a(libc_a-mprec.o)
                0x08008c80                __mdiff
 .text.__d2b    0x08008e94      0x128 D:/compile-environment/arm-gnu-toolchain-13.3.rel1-mingw-w64-i686-arm-none-eabi/bin/../lib/gcc/arm-none-eabi/13.3.1\libg.a(libc_a-mprec.o)
                0x08008e94                __d2b
 .text._realloc_r
                0x08008fbc      0x4b8 D:/compile-environment/arm-gnu-toolchain-13.3.rel1-mingw-w64-i686-arm-none-eabi/bin/../lib/gcc/arm-none-eabi/13.3.1\libg.a(libc_a-reallocr.o)
                0x08008fbc                _realloc_r
 .text.__ascii_wctomb
                0x08009474       0x30 D:/compile-environment/arm-gnu-toolchain-13.3.rel1-mingw-w64-i686-arm-none-eabi/bin/../lib/gcc/arm-none-eabi/13.3.1\libg.a(libc_a-wctomb_r.o)
                0x08009474                __ascii_wctomb
 .text._wcrtomb_r
                0x080094a4       0x5c D:/compile-environment/arm-gnu-toolchain-13.3.rel1-mingw-w64-i686-arm-none-eabi/bin/../lib/gcc/arm-none-eabi/13.3.1\libg.a(libc_a-wcrtomb.o)
                0x080094a4                _wcrtomb_r
 .text._wcsrtombs_r
                0x08009500       0x2c D:/compile-environment/arm-gnu-toolchain-13.3.rel1-mingw-w64-i686-arm-none-eabi/bin/../lib/gcc/arm-none-eabi/13.3.1\libg.a(libc_a-wcsrtombs.o)
                0x08009500                _wcsrtombs_r
 .text.__smakebuf_r
                0x0800952c      0x138 D:/compile-environment/arm-gnu-toolchain-13.3.rel1-mingw-w64-i686-arm-none-eabi/bin/../lib/gcc/arm-none-eabi/13.3.1\libg.a(libc_a-makebuf.o)
                0x0800952c                __smakebuf_r
 .text._fstat_r
                0x08009664       0x40 D:/compile-environment/arm-gnu-toolchain-13.3.rel1-mingw-w64-i686-arm-none-eabi/bin/../lib/gcc/arm-none-eabi/13.3.1\libg.a(libc_a-fstatr.o)
                0x08009664                _fstat_r
 .text._isatty_r
                0x080096a4       0x3c D:/compile-environment/arm-gnu-toolchain-13.3.rel1-mingw-w64-i686-arm-none-eabi/bin/../lib/gcc/arm-none-eabi/13.3.1\libg.a(libc_a-isattyr.o)
                0x080096a4                _isatty_r
 .text.__errno  0x080096e0       0x10 D:/compile-environment/arm-gnu-toolchain-13.3.rel1-mingw-w64-i686-arm-none-eabi/bin/../lib/gcc/arm-none-eabi/13.3.1\libg.a(libc_a-errno.o)
                0x080096e0                __errno
 .text.__assert_func
                0x080096f0       0x58 D:/compile-environment/arm-gnu-toolchain-13.3.rel1-mingw-w64-i686-arm-none-eabi/bin/../lib/gcc/arm-none-eabi/13.3.1\libg.a(libc_a-assert.o)
                0x080096f0                __assert_func
 .text._calloc_r
                0x08009748       0xd0 D:/compile-environment/arm-gnu-toolchain-13.3.rel1-mingw-w64-i686-arm-none-eabi/bin/../lib/gcc/arm-none-eabi/13.3.1\libg.a(libc_a-callocr.o)
                0x08009748                _calloc_r
 .text._wcsnrtombs_l
                0x08009818      0x198 D:/compile-environment/arm-gnu-toolchain-13.3.rel1-mingw-w64-i686-arm-none-eabi/bin/../lib/gcc/arm-none-eabi/13.3.1\libg.a(libc_a-wcsnrtombs.o)
                0x08009818                _wcsnrtombs_l
 .text._wcsnrtombs_r
                0x080099b0       0x40 D:/compile-environment/arm-gnu-toolchain-13.3.rel1-mingw-w64-i686-arm-none-eabi/bin/../lib/gcc/arm-none-eabi/13.3.1\libg.a(libc_a-wcsnrtombs.o)
                0x080099b0                _wcsnrtombs_r
 .text.fiprintf
                0x080099f0       0x3c D:/compile-environment/arm-gnu-toolchain-13.3.rel1-mingw-w64-i686-arm-none-eabi/bin/../lib/gcc/arm-none-eabi/13.3.1\libg.a(libc_a-fiprintf.o)
                0x080099f0                fiprintf
 .text._vfiprintf_r
                0x08009a2c     0x1678 D:/compile-environment/arm-gnu-toolchain-13.3.rel1-mingw-w64-i686-arm-none-eabi/bin/../lib/gcc/arm-none-eabi/13.3.1\libg.a(libc_a-vfiprintf.o)
                0x08009a2c                _vfiprintf_r
 .text.__sbprintf
                0x0800b0a4       0xd4 D:/compile-environment/arm-gnu-toolchain-13.3.rel1-mingw-w64-i686-arm-none-eabi/bin/../lib/gcc/arm-none-eabi/13.3.1\libg.a(libc_a-vfiprintf.o)
 .text.abort    0x0800b178       0x14 D:/compile-environment/arm-gnu-toolchain-13.3.rel1-mingw-w64-i686-arm-none-eabi/bin/../lib/gcc/arm-none-eabi/13.3.1\libg.a(libc_a-abort.o)
                0x0800b178                abort
 .text.raise    0x0800b18c       0x98 D:/compile-environment/arm-gnu-toolchain-13.3.rel1-mingw-w64-i686-arm-none-eabi/bin/../lib/gcc/arm-none-eabi/13.3.1\libg.a(libc_a-signal.o)
                0x0800b18c                raise
 .text._kill_r  0x0800b224       0x40 D:/compile-environment/arm-gnu-toolchain-13.3.rel1-mingw-w64-i686-arm-none-eabi/bin/../lib/gcc/arm-none-eabi/13.3.1\libg.a(libc_a-signalr.o)
                0x0800b224                _kill_r
 .text._getpid_r
                0x0800b264       0x10 D:/compile-environment/arm-gnu-toolchain-13.3.rel1-mingw-w64-i686-arm-none-eabi/bin/../lib/gcc/arm-none-eabi/13.3.1\libg.a(libc_a-signalr.o)
                0x0800b264                _getpid_r
 *(.glue_7)
 .glue_7        0x0800b274        0x0 linker stubs
 *(.glue_7t)
 .glue_7t       0x0800b274        0x0 linker stubs
 *(.eh_frame)
 .eh_frame      0x0800b274        0x0 D:/compile-environment/arm-gnu-toolchain-13.3.rel1-mingw-w64-i686-arm-none-eabi/bin/../lib/gcc/arm-none-eabi/13.3.1/crtbegin.o
 *(.init)
 .init          0x0800b274        0xc D:/compile-environment/arm-gnu-toolchain-13.3.rel1-mingw-w64-i686-arm-none-eabi/bin/../lib/gcc/arm-none-eabi/13.3.1/crti.o
                0x0800b274                _init
 .init          0x0800b280        0xc D:/compile-environment/arm-gnu-toolchain-13.3.rel1-mingw-w64-i686-arm-none-eabi/bin/../lib/gcc/arm-none-eabi/13.3.1/crtn.o
 *(.fini)
 .fini          0x0800b28c        0xc D:/compile-environment/arm-gnu-toolchain-13.3.rel1-mingw-w64-i686-arm-none-eabi/bin/../lib/gcc/arm-none-eabi/13.3.1/crti.o
                0x0800b28c                _fini
 .fini          0x0800b298        0xc D:/compile-environment/arm-gnu-toolchain-13.3.rel1-mingw-w64-i686-arm-none-eabi/bin/../lib/gcc/arm-none-eabi/13.3.1/crtn.o
                0x0800b2a4                        . = ALIGN (0x4)
                0x0800b2a4                        _etext = .

.vfp11_veneer   0x0800b2a4        0x0
 .vfp11_veneer  0x0800b2a4        0x0 linker stubs

.v4_bx          0x0800b2a4        0x0
 .v4_bx         0x0800b2a4        0x0 linker stubs

.iplt           0x0800b2a4        0x0
 .iplt          0x0800b2a4        0x0 D:/compile-environment/arm-gnu-toolchain-13.3.rel1-mingw-w64-i686-arm-none-eabi/bin/../lib/gcc/arm-none-eabi/13.3.1/crtbegin.o

.rodata         0x0800b2a8      0x4c4
                0x0800b2a8                        . = ALIGN (0x4)
 *(.rodata)
 .rodata        0x0800b2a8       0x18 CMakeFiles/TEST.dir/Firmware/Firmware/GD32F30x_standard_peripheral/Source/gd32f30x_rcu.c.obj
 *(.rodata*)
 .rodata.KEY_IRQn
                0x0800b2c0        0x3 CMakeFiles/TEST.dir/Firmware/src/gd32f307c_eval.c.obj
 *fill*         0x0800b2c3        0x1 
 .rodata.KEY_PIN_SOURCE
                0x0800b2c4        0x3 CMakeFiles/TEST.dir/Firmware/src/gd32f307c_eval.c.obj
 *fill*         0x0800b2c7        0x1 
 .rodata.KEY_PORT_SOURCE
                0x0800b2c8        0x3 CMakeFiles/TEST.dir/Firmware/src/gd32f307c_eval.c.obj
 *fill*         0x0800b2cb        0x1 
 .rodata.KEY_EXTI_LINE
                0x0800b2cc        0xc CMakeFiles/TEST.dir/Firmware/src/gd32f307c_eval.c.obj
 .rodata.KEY_CLK
                0x0800b2d8        0x6 CMakeFiles/TEST.dir/Firmware/src/gd32f307c_eval.c.obj
 *fill*         0x0800b2de        0x2 
 .rodata.KEY_PIN
                0x0800b2e0        0xc CMakeFiles/TEST.dir/Firmware/src/gd32f307c_eval.c.obj
 .rodata.KEY_PORT
                0x0800b2ec        0xc CMakeFiles/TEST.dir/Firmware/src/gd32f307c_eval.c.obj
 .rodata.GPIO_CLK
                0x0800b2f8        0x8 CMakeFiles/TEST.dir/Firmware/src/gd32f307c_eval.c.obj
 .rodata.COM_GPIO_CLK
                0x0800b300        0x4 CMakeFiles/TEST.dir/Firmware/src/gd32f307c_eval.c.obj
 .rodata.COM_GPIO_PORT
                0x0800b304        0x8 CMakeFiles/TEST.dir/Firmware/src/gd32f307c_eval.c.obj
 .rodata.COM_RX_PIN
                0x0800b30c        0x8 CMakeFiles/TEST.dir/Firmware/src/gd32f307c_eval.c.obj
 .rodata.COM_TX_PIN
                0x0800b314        0x8 CMakeFiles/TEST.dir/Firmware/src/gd32f307c_eval.c.obj
 .rodata.COM_CLK
                0x0800b31c        0x4 CMakeFiles/TEST.dir/Firmware/src/gd32f307c_eval.c.obj
 .rodata.GPIO_PIN
                0x0800b320       0x10 CMakeFiles/TEST.dir/Firmware/src/gd32f307c_eval.c.obj
 .rodata.GPIO_PORT
                0x0800b330       0x10 CMakeFiles/TEST.dir/Firmware/src/gd32f307c_eval.c.obj
 .rodata.main.str1.4
                0x0800b340      0x1e7 CMakeFiles/TEST.dir/Firmware/src/main.c.obj
                                 0x40 (size before relaxing)
 .rodata._vfprintf_r.str1.4
                0x0800b527       0x42 D:/compile-environment/arm-gnu-toolchain-13.3.rel1-mingw-w64-i686-arm-none-eabi/bin/../lib/gcc/arm-none-eabi/13.3.1\libg.a(libc_a-vfprintf.o)
 *fill*         0x0800b527        0x1 
 .rodata.zeroes.0
                0x0800b528       0x10 D:/compile-environment/arm-gnu-toolchain-13.3.rel1-mingw-w64-i686-arm-none-eabi/bin/../lib/gcc/arm-none-eabi/13.3.1\libg.a(libc_a-vfprintf.o)
 .rodata.blanks.1
                0x0800b538       0x10 D:/compile-environment/arm-gnu-toolchain-13.3.rel1-mingw-w64-i686-arm-none-eabi/bin/../lib/gcc/arm-none-eabi/13.3.1\libg.a(libc_a-vfprintf.o)
 .rodata.str1.4
                0x0800b548       0x4c D:/compile-environment/arm-gnu-toolchain-13.3.rel1-mingw-w64-i686-arm-none-eabi/bin/../lib/gcc/arm-none-eabi/13.3.1\libg.a(libc_a-locale.o)
 .rodata._dtoa_r.str1.4
                0x0800b548       0x81 D:/compile-environment/arm-gnu-toolchain-13.3.rel1-mingw-w64-i686-arm-none-eabi/bin/../lib/gcc/arm-none-eabi/13.3.1\libg.a(libc_a-dtoa.o)
 .rodata.__multadd.str1.4
                0x0800b548       0x6e D:/compile-environment/arm-gnu-toolchain-13.3.rel1-mingw-w64-i686-arm-none-eabi/bin/../lib/gcc/arm-none-eabi/13.3.1\libg.a(libc_a-mprec.o)
 .rodata.p05.0  0x0800b548        0xc D:/compile-environment/arm-gnu-toolchain-13.3.rel1-mingw-w64-i686-arm-none-eabi/bin/../lib/gcc/arm-none-eabi/13.3.1\libg.a(libc_a-mprec.o)
 *fill*         0x0800b554        0x4 
 .rodata.__mprec_bigtens
                0x0800b558       0x28 D:/compile-environment/arm-gnu-toolchain-13.3.rel1-mingw-w64-i686-arm-none-eabi/bin/../lib/gcc/arm-none-eabi/13.3.1\libg.a(libc_a-mprec.o)
                0x0800b558                __mprec_bigtens
 .rodata.__mprec_tens
                0x0800b580       0xc8 D:/compile-environment/arm-gnu-toolchain-13.3.rel1-mingw-w64-i686-arm-none-eabi/bin/../lib/gcc/arm-none-eabi/13.3.1\libg.a(libc_a-mprec.o)
                0x0800b580                __mprec_tens
 .rodata._ctype_
                0x0800b648      0x101 D:/compile-environment/arm-gnu-toolchain-13.3.rel1-mingw-w64-i686-arm-none-eabi/bin/../lib/gcc/arm-none-eabi/13.3.1\libg.a(libc_a-ctype_.o)
                0x0800b648                _ctype_
 .rodata.__assert_func.str1.4
                0x0800b749       0x43 D:/compile-environment/arm-gnu-toolchain-13.3.rel1-mingw-w64-i686-arm-none-eabi/bin/../lib/gcc/arm-none-eabi/13.3.1\libg.a(libc_a-assert.o)
 .rodata._vfiprintf_r.str1.4
                0x0800b749       0x2f D:/compile-environment/arm-gnu-toolchain-13.3.rel1-mingw-w64-i686-arm-none-eabi/bin/../lib/gcc/arm-none-eabi/13.3.1\libg.a(libc_a-vfiprintf.o)
 *fill*         0x0800b749        0x3 
 .rodata.zeroes.0
                0x0800b74c       0x10 D:/compile-environment/arm-gnu-toolchain-13.3.rel1-mingw-w64-i686-arm-none-eabi/bin/../lib/gcc/arm-none-eabi/13.3.1\libg.a(libc_a-vfiprintf.o)
 .rodata.blanks.1
                0x0800b75c       0x10 D:/compile-environment/arm-gnu-toolchain-13.3.rel1-mingw-w64-i686-arm-none-eabi/bin/../lib/gcc/arm-none-eabi/13.3.1\libg.a(libc_a-vfiprintf.o)
                0x0800b76c                        . = ALIGN (0x4)

.rel.dyn        0x0800b76c        0x0
 .rel.iplt      0x0800b76c        0x0 D:/compile-environment/arm-gnu-toolchain-13.3.rel1-mingw-w64-i686-arm-none-eabi/bin/../lib/gcc/arm-none-eabi/13.3.1/crtbegin.o

.ARM.extab
 *(.ARM.extab* .gnu.linkonce.armextab.*)

.ARM            0x0800b76c        0x0
                0x0800b76c                        __exidx_start = .
 *(.ARM.exidx*)
                0x0800b76c                        __exidx_end = .

.ARM.attributes
                0x0800b76c       0x2c
 *(.ARM.attributes)
 .ARM.attributes
                0x0800b76c       0x1c D:/compile-environment/arm-gnu-toolchain-13.3.rel1-mingw-w64-i686-arm-none-eabi/bin/../lib/gcc/arm-none-eabi/13.3.1/crti.o
 .ARM.attributes
                0x0800b788       0x2a D:/compile-environment/arm-gnu-toolchain-13.3.rel1-mingw-w64-i686-arm-none-eabi/bin/../lib/gcc/arm-none-eabi/13.3.1/crtbegin.o
 .ARM.attributes
                0x0800b7b2       0x2e CMakeFiles/TEST.dir/Firmware/src/gd32f307c_eval.c.obj
 .ARM.attributes
                0x0800b7e0       0x2e CMakeFiles/TEST.dir/Firmware/src/gd32f30x_it.c.obj
 .ARM.attributes
                0x0800b80e       0x2e CMakeFiles/TEST.dir/Firmware/src/main.c.obj
 .ARM.attributes
                0x0800b83c       0x2e CMakeFiles/TEST.dir/Firmware/src/systick.c.obj
 .ARM.attributes
                0x0800b86a       0x2e CMakeFiles/TEST.dir/Firmware/Firmware/CMSIS/GD/GD32F30x/Source/syscalls.c.obj
 .ARM.attributes
                0x0800b898       0x2e CMakeFiles/TEST.dir/Firmware/Firmware/CMSIS/GD/GD32F30x/Source/system_gd32f30x.c.obj
 .ARM.attributes
                0x0800b8c6       0x2e CMakeFiles/TEST.dir/Firmware/Firmware/GD32F30x_standard_peripheral/Source/gd32f30x_exti.c.obj
 .ARM.attributes
                0x0800b8f4       0x2e CMakeFiles/TEST.dir/Firmware/Firmware/GD32F30x_standard_peripheral/Source/gd32f30x_gpio.c.obj
 .ARM.attributes
                0x0800b922       0x2e CMakeFiles/TEST.dir/Firmware/Firmware/GD32F30x_standard_peripheral/Source/gd32f30x_misc.c.obj
 .ARM.attributes
                0x0800b950       0x2e CMakeFiles/TEST.dir/Firmware/Firmware/GD32F30x_standard_peripheral/Source/gd32f30x_rcu.c.obj
 .ARM.attributes
                0x0800b97e       0x2e CMakeFiles/TEST.dir/Firmware/Firmware/GD32F30x_standard_peripheral/Source/gd32f30x_usart.c.obj
 .ARM.attributes
                0x0800b9ac       0x21 CMakeFiles/TEST.dir/Firmware/gcc_startup/startup_gd32f30x_hd.S.obj
 .ARM.attributes
                0x0800b9cd       0x2a D:/compile-environment/arm-gnu-toolchain-13.3.rel1-mingw-w64-i686-arm-none-eabi/bin/../lib/gcc/arm-none-eabi/13.3.1\libg.a(libc_a-findfp.o)
 .ARM.attributes
                0x0800b9f7       0x2a D:/compile-environment/arm-gnu-toolchain-13.3.rel1-mingw-w64-i686-arm-none-eabi/bin/../lib/gcc/arm-none-eabi/13.3.1\libg.a(libc_a-fwalk.o)
 .ARM.attributes
                0x0800ba21       0x2a D:/compile-environment/arm-gnu-toolchain-13.3.rel1-mingw-w64-i686-arm-none-eabi/bin/../lib/gcc/arm-none-eabi/13.3.1\libg.a(libc_a-printf.o)
 .ARM.attributes
                0x0800ba4b       0x2a D:/compile-environment/arm-gnu-toolchain-13.3.rel1-mingw-w64-i686-arm-none-eabi/bin/../lib/gcc/arm-none-eabi/13.3.1\libg.a(libc_a-stdio.o)
 .ARM.attributes
                0x0800ba75       0x2a D:/compile-environment/arm-gnu-toolchain-13.3.rel1-mingw-w64-i686-arm-none-eabi/bin/../lib/gcc/arm-none-eabi/13.3.1\libg.a(libc_a-memset.o)
 .ARM.attributes
                0x0800ba9f       0x2a D:/compile-environment/arm-gnu-toolchain-13.3.rel1-mingw-w64-i686-arm-none-eabi/bin/../lib/gcc/arm-none-eabi/13.3.1\libg.a(libc_a-closer.o)
 .ARM.attributes
                0x0800bac9       0x2a D:/compile-environment/arm-gnu-toolchain-13.3.rel1-mingw-w64-i686-arm-none-eabi/bin/../lib/gcc/arm-none-eabi/13.3.1\libg.a(libc_a-reent.o)
 .ARM.attributes
                0x0800baf3       0x2a D:/compile-environment/arm-gnu-toolchain-13.3.rel1-mingw-w64-i686-arm-none-eabi/bin/../lib/gcc/arm-none-eabi/13.3.1\libg.a(libc_a-impure.o)
 .ARM.attributes
                0x0800bb1d       0x2a D:/compile-environment/arm-gnu-toolchain-13.3.rel1-mingw-w64-i686-arm-none-eabi/bin/../lib/gcc/arm-none-eabi/13.3.1\libg.a(libc_a-lseekr.o)
 .ARM.attributes
                0x0800bb47       0x2a D:/compile-environment/arm-gnu-toolchain-13.3.rel1-mingw-w64-i686-arm-none-eabi/bin/../lib/gcc/arm-none-eabi/13.3.1\libg.a(libc_a-readr.o)
 .ARM.attributes
                0x0800bb71       0x2a D:/compile-environment/arm-gnu-toolchain-13.3.rel1-mingw-w64-i686-arm-none-eabi/bin/../lib/gcc/arm-none-eabi/13.3.1\libg.a(libc_a-writer.o)
 .ARM.attributes
                0x0800bb9b       0x2a D:/compile-environment/arm-gnu-toolchain-13.3.rel1-mingw-w64-i686-arm-none-eabi/bin/../lib/gcc/arm-none-eabi/13.3.1\libg.a(libc_a-init.o)
 .ARM.attributes
                0x0800bbc5       0x2a D:/compile-environment/arm-gnu-toolchain-13.3.rel1-mingw-w64-i686-arm-none-eabi/bin/../lib/gcc/arm-none-eabi/13.3.1\libg.a(libc_a-lock.o)
 .ARM.attributes
                0x0800bbef       0x2a D:/compile-environment/arm-gnu-toolchain-13.3.rel1-mingw-w64-i686-arm-none-eabi/bin/../lib/gcc/arm-none-eabi/13.3.1\libg.a(libc_a-__call_atexit.o)
 .ARM.attributes
                0x0800bc19       0x2a D:/compile-environment/arm-gnu-toolchain-13.3.rel1-mingw-w64-i686-arm-none-eabi/bin/../lib/gcc/arm-none-eabi/13.3.1\libg.a(libc_a-atexit.o)
 .ARM.attributes
                0x0800bc43       0x2a D:/compile-environment/arm-gnu-toolchain-13.3.rel1-mingw-w64-i686-arm-none-eabi/bin/../lib/gcc/arm-none-eabi/13.3.1\libg.a(libc_a-freer.o)
 .ARM.attributes
                0x0800bc6d       0x2a D:/compile-environment/arm-gnu-toolchain-13.3.rel1-mingw-w64-i686-arm-none-eabi/bin/../lib/gcc/arm-none-eabi/13.3.1\libg.a(libc_a-mallocr.o)
 .ARM.attributes
                0x0800bc97       0x2a D:/compile-environment/arm-gnu-toolchain-13.3.rel1-mingw-w64-i686-arm-none-eabi/bin/../lib/gcc/arm-none-eabi/13.3.1\libg.a(libc_a-mlock.o)
 .ARM.attributes
                0x0800bcc1       0x2a D:/compile-environment/arm-gnu-toolchain-13.3.rel1-mingw-w64-i686-arm-none-eabi/bin/../lib/gcc/arm-none-eabi/13.3.1\libg.a(libc_a-vfprintf.o)
 .ARM.attributes
                0x0800bceb       0x2a D:/compile-environment/arm-gnu-toolchain-13.3.rel1-mingw-w64-i686-arm-none-eabi/bin/../lib/gcc/arm-none-eabi/13.3.1\libg.a(libc_a-sprint_r.o)
 .ARM.attributes
                0x0800bd15       0x2a D:/compile-environment/arm-gnu-toolchain-13.3.rel1-mingw-w64-i686-arm-none-eabi/bin/../lib/gcc/arm-none-eabi/13.3.1\libg.a(libc_a-fclose.o)
 .ARM.attributes
                0x0800bd3f       0x2a D:/compile-environment/arm-gnu-toolchain-13.3.rel1-mingw-w64-i686-arm-none-eabi/bin/../lib/gcc/arm-none-eabi/13.3.1\libg.a(libc_a-fflush.o)
 .ARM.attributes
                0x0800bd69       0x2a D:/compile-environment/arm-gnu-toolchain-13.3.rel1-mingw-w64-i686-arm-none-eabi/bin/../lib/gcc/arm-none-eabi/13.3.1\libg.a(libc_a-fvwrite.o)
 .ARM.attributes
                0x0800bd93       0x2a D:/compile-environment/arm-gnu-toolchain-13.3.rel1-mingw-w64-i686-arm-none-eabi/bin/../lib/gcc/arm-none-eabi/13.3.1\libg.a(libc_a-wsetup.o)
 .ARM.attributes
                0x0800bdbd       0x2a D:/compile-environment/arm-gnu-toolchain-13.3.rel1-mingw-w64-i686-arm-none-eabi/bin/../lib/gcc/arm-none-eabi/13.3.1\libg.a(libc_a-memmove.o)
 .ARM.attributes
                0x0800bde7       0x2a D:/compile-environment/arm-gnu-toolchain-13.3.rel1-mingw-w64-i686-arm-none-eabi/bin/../lib/gcc/arm-none-eabi/13.3.1\libg.a(libc_a-strncpy.o)
 .ARM.attributes
                0x0800be11       0x2a D:/compile-environment/arm-gnu-toolchain-13.3.rel1-mingw-w64-i686-arm-none-eabi/bin/../lib/gcc/arm-none-eabi/13.3.1\libg.a(libc_a-locale.o)
 .ARM.attributes
                0x0800be3b       0x2a D:/compile-environment/arm-gnu-toolchain-13.3.rel1-mingw-w64-i686-arm-none-eabi/bin/../lib/gcc/arm-none-eabi/13.3.1\libg.a(libc_a-localeconv.o)
 .ARM.attributes
                0x0800be65       0x2a D:/compile-environment/arm-gnu-toolchain-13.3.rel1-mingw-w64-i686-arm-none-eabi/bin/../lib/gcc/arm-none-eabi/13.3.1\libg.a(libc_a-sbrkr.o)
 .ARM.attributes
                0x0800be8f       0x2a D:/compile-environment/arm-gnu-toolchain-13.3.rel1-mingw-w64-i686-arm-none-eabi/bin/../lib/gcc/arm-none-eabi/13.3.1\libg.a(libc_a-fini.o)
 .ARM.attributes
                0x0800beb9       0x2a D:/compile-environment/arm-gnu-toolchain-13.3.rel1-mingw-w64-i686-arm-none-eabi/bin/../lib/gcc/arm-none-eabi/13.3.1\libg.a(libc_a-sysconf.o)
 .ARM.attributes
                0x0800bee3       0x2a D:/compile-environment/arm-gnu-toolchain-13.3.rel1-mingw-w64-i686-arm-none-eabi/bin/../lib/gcc/arm-none-eabi/13.3.1\libg.a(libc_a-memchr-stub.o)
 .ARM.attributes
                0x0800bf0d       0x2a D:/compile-environment/arm-gnu-toolchain-13.3.rel1-mingw-w64-i686-arm-none-eabi/bin/../lib/gcc/arm-none-eabi/13.3.1\libg.a(libc_a-memcpy-stub.o)
 .ARM.attributes
                0x0800bf37       0x2a D:/compile-environment/arm-gnu-toolchain-13.3.rel1-mingw-w64-i686-arm-none-eabi/bin/../lib/gcc/arm-none-eabi/13.3.1\libg.a(libc_a-strlen-stub.o)
 .ARM.attributes
                0x0800bf61       0x2a D:/compile-environment/arm-gnu-toolchain-13.3.rel1-mingw-w64-i686-arm-none-eabi/bin/../lib/gcc/arm-none-eabi/13.3.1\libg.a(libm_a-s_frexp.o)
 .ARM.attributes
                0x0800bf8b       0x2a D:/compile-environment/arm-gnu-toolchain-13.3.rel1-mingw-w64-i686-arm-none-eabi/bin/../lib/gcc/arm-none-eabi/13.3.1\libg.a(libc_a-__atexit.o)
 .ARM.attributes
                0x0800bfb5       0x2a D:/compile-environment/arm-gnu-toolchain-13.3.rel1-mingw-w64-i686-arm-none-eabi/bin/../lib/gcc/arm-none-eabi/13.3.1\libg.a(libc_a-dtoa.o)
 .ARM.attributes
                0x0800bfdf       0x2a D:/compile-environment/arm-gnu-toolchain-13.3.rel1-mingw-w64-i686-arm-none-eabi/bin/../lib/gcc/arm-none-eabi/13.3.1\libg.a(libc_a-mbtowc_r.o)
 .ARM.attributes
                0x0800c009       0x2a D:/compile-environment/arm-gnu-toolchain-13.3.rel1-mingw-w64-i686-arm-none-eabi/bin/../lib/gcc/arm-none-eabi/13.3.1\libg.a(libc_a-mprec.o)
 .ARM.attributes
                0x0800c033       0x2a D:/compile-environment/arm-gnu-toolchain-13.3.rel1-mingw-w64-i686-arm-none-eabi/bin/../lib/gcc/arm-none-eabi/13.3.1\libg.a(libc_a-reallocr.o)
 .ARM.attributes
                0x0800c05d       0x2a D:/compile-environment/arm-gnu-toolchain-13.3.rel1-mingw-w64-i686-arm-none-eabi/bin/../lib/gcc/arm-none-eabi/13.3.1\libg.a(libc_a-wctomb_r.o)
 .ARM.attributes
                0x0800c087       0x2a D:/compile-environment/arm-gnu-toolchain-13.3.rel1-mingw-w64-i686-arm-none-eabi/bin/../lib/gcc/arm-none-eabi/13.3.1\libg.a(libc_a-wcrtomb.o)
 .ARM.attributes
                0x0800c0b1       0x2a D:/compile-environment/arm-gnu-toolchain-13.3.rel1-mingw-w64-i686-arm-none-eabi/bin/../lib/gcc/arm-none-eabi/13.3.1\libg.a(libc_a-wcsrtombs.o)
 .ARM.attributes
                0x0800c0db       0x2a D:/compile-environment/arm-gnu-toolchain-13.3.rel1-mingw-w64-i686-arm-none-eabi/bin/../lib/gcc/arm-none-eabi/13.3.1\libg.a(libc_a-ctype_.o)
 .ARM.attributes
                0x0800c105       0x2a D:/compile-environment/arm-gnu-toolchain-13.3.rel1-mingw-w64-i686-arm-none-eabi/bin/../lib/gcc/arm-none-eabi/13.3.1\libg.a(libc_a-makebuf.o)
 .ARM.attributes
                0x0800c12f       0x2a D:/compile-environment/arm-gnu-toolchain-13.3.rel1-mingw-w64-i686-arm-none-eabi/bin/../lib/gcc/arm-none-eabi/13.3.1\libg.a(libc_a-fstatr.o)
 .ARM.attributes
                0x0800c159       0x2a D:/compile-environment/arm-gnu-toolchain-13.3.rel1-mingw-w64-i686-arm-none-eabi/bin/../lib/gcc/arm-none-eabi/13.3.1\libg.a(libc_a-isattyr.o)
 .ARM.attributes
                0x0800c183       0x2a D:/compile-environment/arm-gnu-toolchain-13.3.rel1-mingw-w64-i686-arm-none-eabi/bin/../lib/gcc/arm-none-eabi/13.3.1\libg.a(libc_a-errno.o)
 .ARM.attributes
                0x0800c1ad       0x2a D:/compile-environment/arm-gnu-toolchain-13.3.rel1-mingw-w64-i686-arm-none-eabi/bin/../lib/gcc/arm-none-eabi/13.3.1\libg.a(libc_a-assert.o)
 .ARM.attributes
                0x0800c1d7       0x2a D:/compile-environment/arm-gnu-toolchain-13.3.rel1-mingw-w64-i686-arm-none-eabi/bin/../lib/gcc/arm-none-eabi/13.3.1\libg.a(libc_a-callocr.o)
 .ARM.attributes
                0x0800c201       0x2a D:/compile-environment/arm-gnu-toolchain-13.3.rel1-mingw-w64-i686-arm-none-eabi/bin/../lib/gcc/arm-none-eabi/13.3.1\libg.a(libc_a-wcsnrtombs.o)
 .ARM.attributes
                0x0800c22b       0x2a D:/compile-environment/arm-gnu-toolchain-13.3.rel1-mingw-w64-i686-arm-none-eabi/bin/../lib/gcc/arm-none-eabi/13.3.1\libg.a(libc_a-fiprintf.o)
 .ARM.attributes
                0x0800c255       0x2a D:/compile-environment/arm-gnu-toolchain-13.3.rel1-mingw-w64-i686-arm-none-eabi/bin/../lib/gcc/arm-none-eabi/13.3.1\libg.a(libc_a-vfiprintf.o)
 .ARM.attributes
                0x0800c27f       0x2a D:/compile-environment/arm-gnu-toolchain-13.3.rel1-mingw-w64-i686-arm-none-eabi/bin/../lib/gcc/arm-none-eabi/13.3.1\libg.a(libc_a-abort.o)
 .ARM.attributes
                0x0800c2a9       0x2a D:/compile-environment/arm-gnu-toolchain-13.3.rel1-mingw-w64-i686-arm-none-eabi/bin/../lib/gcc/arm-none-eabi/13.3.1\libg.a(libc_a-signal.o)
 .ARM.attributes
                0x0800c2d3       0x2a D:/compile-environment/arm-gnu-toolchain-13.3.rel1-mingw-w64-i686-arm-none-eabi/bin/../lib/gcc/arm-none-eabi/13.3.1\libg.a(libc_a-signalr.o)
 .ARM.attributes
                0x0800c2fd       0x1c D:/compile-environment/arm-gnu-toolchain-13.3.rel1-mingw-w64-i686-arm-none-eabi/bin/../lib/gcc/arm-none-eabi/13.3.1\libgcc.a(_udivsi3.o)
 .ARM.attributes
                0x0800c319       0x1c D:/compile-environment/arm-gnu-toolchain-13.3.rel1-mingw-w64-i686-arm-none-eabi/bin/../lib/gcc/arm-none-eabi/13.3.1\libgcc.a(_divsi3.o)
 .ARM.attributes
                0x0800c335       0x1c D:/compile-environment/arm-gnu-toolchain-13.3.rel1-mingw-w64-i686-arm-none-eabi/bin/../lib/gcc/arm-none-eabi/13.3.1\libgcc.a(_dvmd_tls.o)
 .ARM.attributes
                0x0800c351       0x1c D:/compile-environment/arm-gnu-toolchain-13.3.rel1-mingw-w64-i686-arm-none-eabi/bin/../lib/gcc/arm-none-eabi/13.3.1\libgcc.a(_arm_addsubdf3.o)
 .ARM.attributes
                0x0800c36d       0x1c D:/compile-environment/arm-gnu-toolchain-13.3.rel1-mingw-w64-i686-arm-none-eabi/bin/../lib/gcc/arm-none-eabi/13.3.1\libgcc.a(_arm_muldivdf3.o)
 .ARM.attributes
                0x0800c389       0x1c D:/compile-environment/arm-gnu-toolchain-13.3.rel1-mingw-w64-i686-arm-none-eabi/bin/../lib/gcc/arm-none-eabi/13.3.1\libgcc.a(_arm_cmpdf2.o)
 .ARM.attributes
                0x0800c3a5       0x1c D:/compile-environment/arm-gnu-toolchain-13.3.rel1-mingw-w64-i686-arm-none-eabi/bin/../lib/gcc/arm-none-eabi/13.3.1\libgcc.a(_arm_unorddf2.o)
 .ARM.attributes
                0x0800c3c1       0x1c D:/compile-environment/arm-gnu-toolchain-13.3.rel1-mingw-w64-i686-arm-none-eabi/bin/../lib/gcc/arm-none-eabi/13.3.1\libgcc.a(_arm_fixdfsi.o)
 .ARM.attributes
                0x0800c3dd       0x2a D:/compile-environment/arm-gnu-toolchain-13.3.rel1-mingw-w64-i686-arm-none-eabi/bin/../lib/gcc/arm-none-eabi/13.3.1/crtend.o
 .ARM.attributes
                0x0800c407       0x1c D:/compile-environment/arm-gnu-toolchain-13.3.rel1-mingw-w64-i686-arm-none-eabi/bin/../lib/gcc/arm-none-eabi/13.3.1/crtn.o

.preinit_array  0x0800b76c        0x0
                0x0800b76c                        PROVIDE (__preinit_array_start = .)
 *(.preinit_array*)
                0x0800b76c                        PROVIDE (__preinit_array_end = .)

.init_array     0x0800b76c        0x8
                0x0800b76c                        PROVIDE (__init_array_start = .)
 *(SORT_BY_NAME(.init_array.*))
 .init_array.00000
                0x0800b76c        0x4 D:/compile-environment/arm-gnu-toolchain-13.3.rel1-mingw-w64-i686-arm-none-eabi/bin/../lib/gcc/arm-none-eabi/13.3.1\libg.a(libc_a-__call_atexit.o)
 *(.init_array*)
 .init_array    0x0800b770        0x4 D:/compile-environment/arm-gnu-toolchain-13.3.rel1-mingw-w64-i686-arm-none-eabi/bin/../lib/gcc/arm-none-eabi/13.3.1/crtbegin.o
                0x0800b774                        PROVIDE (__init_array_end = .)

.fini_array     0x0800b774        0x4
                0x0800b774                        PROVIDE (__fini_array_start = .)
 *(.fini_array*)
 .fini_array    0x0800b774        0x4 D:/compile-environment/arm-gnu-toolchain-13.3.rel1-mingw-w64-i686-arm-none-eabi/bin/../lib/gcc/arm-none-eabi/13.3.1/crtbegin.o
 *(SORT_BY_NAME(.fini_array.*))
                0x0800b778                        PROVIDE (__fini_array_end = .)
                0x0800b778                        _sidata = LOADADDR (.data)

.data           0x20000000      0x6dc load address 0x0800b778
                0x20000000                        . = ALIGN (0x4)
                0x20000000                        _sdata = .
 *(.data)
 *(.data*)
 .data.curbrk.0
                0x20000000        0x4 CMakeFiles/TEST.dir/Firmware/Firmware/CMSIS/GD/GD32F30x/Source/syscalls.c.obj
 .data.SystemCoreClock
                0x20000004        0x4 CMakeFiles/TEST.dir/Firmware/Firmware/CMSIS/GD/GD32F30x/Source/system_gd32f30x.c.obj
                0x20000004                SystemCoreClock
 .data.__sglue  0x20000008        0xc D:/compile-environment/arm-gnu-toolchain-13.3.rel1-mingw-w64-i686-arm-none-eabi/bin/../lib/gcc/arm-none-eabi/13.3.1\libg.a(libc_a-findfp.o)
                0x20000008                __sglue
 .data._impure_ptr
                0x20000014        0x4 D:/compile-environment/arm-gnu-toolchain-13.3.rel1-mingw-w64-i686-arm-none-eabi/bin/../lib/gcc/arm-none-eabi/13.3.1\libg.a(libc_a-impure.o)
                0x20000014                _impure_ptr
 .data._impure_data
                0x20000018      0x140 D:/compile-environment/arm-gnu-toolchain-13.3.rel1-mingw-w64-i686-arm-none-eabi/bin/../lib/gcc/arm-none-eabi/13.3.1\libg.a(libc_a-impure.o)
                0x20000018                _impure_data
 .data.__atexit_recursive_mutex
                0x20000158        0x4 D:/compile-environment/arm-gnu-toolchain-13.3.rel1-mingw-w64-i686-arm-none-eabi/bin/../lib/gcc/arm-none-eabi/13.3.1\libg.a(libc_a-__call_atexit.o)
                0x20000158                __atexit_recursive_mutex
 .data.__malloc_sbrk_base
                0x2000015c        0x4 D:/compile-environment/arm-gnu-toolchain-13.3.rel1-mingw-w64-i686-arm-none-eabi/bin/../lib/gcc/arm-none-eabi/13.3.1\libg.a(libc_a-mallocr.o)
                0x2000015c                __malloc_sbrk_base
 .data.__malloc_trim_threshold
                0x20000160        0x4 D:/compile-environment/arm-gnu-toolchain-13.3.rel1-mingw-w64-i686-arm-none-eabi/bin/../lib/gcc/arm-none-eabi/13.3.1\libg.a(libc_a-mallocr.o)
                0x20000160                __malloc_trim_threshold
 *fill*         0x20000164        0x4 
 .data.__malloc_av_
                0x20000168      0x408 D:/compile-environment/arm-gnu-toolchain-13.3.rel1-mingw-w64-i686-arm-none-eabi/bin/../lib/gcc/arm-none-eabi/13.3.1\libg.a(libc_a-mallocr.o)
                0x20000168                __malloc_av_
 .data.__global_locale
                0x20000570      0x16c D:/compile-environment/arm-gnu-toolchain-13.3.rel1-mingw-w64-i686-arm-none-eabi/bin/../lib/gcc/arm-none-eabi/13.3.1\libg.a(libc_a-locale.o)
                0x20000570                __global_locale
                0x200006dc                        . = ALIGN (0x4)
                0x200006dc                        _edata = .

.tm_clone_table
                0x200006dc        0x0 load address 0x0800be54
 .tm_clone_table
                0x200006dc        0x0 D:/compile-environment/arm-gnu-toolchain-13.3.rel1-mingw-w64-i686-arm-none-eabi/bin/../lib/gcc/arm-none-eabi/13.3.1/crtbegin.o
 .tm_clone_table
                0x200006dc        0x0 D:/compile-environment/arm-gnu-toolchain-13.3.rel1-mingw-w64-i686-arm-none-eabi/bin/../lib/gcc/arm-none-eabi/13.3.1/crtend.o

.igot.plt       0x200006dc        0x0 load address 0x0800be54
 .igot.plt      0x200006dc        0x0 D:/compile-environment/arm-gnu-toolchain-13.3.rel1-mingw-w64-i686-arm-none-eabi/bin/../lib/gcc/arm-none-eabi/13.3.1/crtbegin.o
                0x200006dc                        . = ALIGN (0x4)

.bss            0x200006dc      0x338 load address 0x0800be54
                0x200006dc                        _sbss = .
                0x200006dc                        __bss_start__ = _sbss
 *(.bss)
 *(.bss*)
 .bss.completed.1
                0x200006dc        0x1 D:/compile-environment/arm-gnu-toolchain-13.3.rel1-mingw-w64-i686-arm-none-eabi/bin/../lib/gcc/arm-none-eabi/13.3.1/crtbegin.o
 *fill*         0x200006dd        0x3 
 .bss.object.0  0x200006e0       0x18 D:/compile-environment/arm-gnu-toolchain-13.3.rel1-mingw-w64-i686-arm-none-eabi/bin/../lib/gcc/arm-none-eabi/13.3.1/crtbegin.o
 .bss.timingdelaylocal.0
                0x200006f8        0x4 CMakeFiles/TEST.dir/Firmware/src/main.c.obj
 .bss.delay     0x200006fc        0x4 CMakeFiles/TEST.dir/Firmware/src/systick.c.obj
 .bss.__sf      0x20000700      0x138 D:/compile-environment/arm-gnu-toolchain-13.3.rel1-mingw-w64-i686-arm-none-eabi/bin/../lib/gcc/arm-none-eabi/13.3.1\libg.a(libc_a-findfp.o)
                0x20000700                __sf
 .bss.__stdio_exit_handler
                0x20000838        0x4 D:/compile-environment/arm-gnu-toolchain-13.3.rel1-mingw-w64-i686-arm-none-eabi/bin/../lib/gcc/arm-none-eabi/13.3.1\libg.a(libc_a-findfp.o)
                0x20000838                __stdio_exit_handler
 .bss.errno     0x2000083c        0x4 D:/compile-environment/arm-gnu-toolchain-13.3.rel1-mingw-w64-i686-arm-none-eabi/bin/../lib/gcc/arm-none-eabi/13.3.1\libg.a(libc_a-reent.o)
                0x2000083c                errno
 .bss.__lock___malloc_recursive_mutex
                0x20000840        0x1 D:/compile-environment/arm-gnu-toolchain-13.3.rel1-mingw-w64-i686-arm-none-eabi/bin/../lib/gcc/arm-none-eabi/13.3.1\libg.a(libc_a-lock.o)
                0x20000840                __lock___malloc_recursive_mutex
 *fill*         0x20000841        0x3 
 .bss.__lock___atexit_recursive_mutex
                0x20000844        0x1 D:/compile-environment/arm-gnu-toolchain-13.3.rel1-mingw-w64-i686-arm-none-eabi/bin/../lib/gcc/arm-none-eabi/13.3.1\libg.a(libc_a-lock.o)
                0x20000844                __lock___atexit_recursive_mutex
 *fill*         0x20000845        0x3 
 .bss.__lock___sfp_recursive_mutex
                0x20000848        0x1 D:/compile-environment/arm-gnu-toolchain-13.3.rel1-mingw-w64-i686-arm-none-eabi/bin/../lib/gcc/arm-none-eabi/13.3.1\libg.a(libc_a-lock.o)
                0x20000848                __lock___sfp_recursive_mutex
 *fill*         0x20000849        0x3 
 .bss.__atexit  0x2000084c        0x4 D:/compile-environment/arm-gnu-toolchain-13.3.rel1-mingw-w64-i686-arm-none-eabi/bin/../lib/gcc/arm-none-eabi/13.3.1\libg.a(libc_a-__call_atexit.o)
                0x2000084c                __atexit
 .bss.__malloc_current_mallinfo
                0x20000850       0x28 D:/compile-environment/arm-gnu-toolchain-13.3.rel1-mingw-w64-i686-arm-none-eabi/bin/../lib/gcc/arm-none-eabi/13.3.1\libg.a(libc_a-mallocr.o)
                0x20000850                __malloc_current_mallinfo
 .bss.__malloc_max_total_mem
                0x20000878        0x4 D:/compile-environment/arm-gnu-toolchain-13.3.rel1-mingw-w64-i686-arm-none-eabi/bin/../lib/gcc/arm-none-eabi/13.3.1\libg.a(libc_a-mallocr.o)
                0x20000878                __malloc_max_total_mem
 .bss.__malloc_max_sbrked_mem
                0x2000087c        0x4 D:/compile-environment/arm-gnu-toolchain-13.3.rel1-mingw-w64-i686-arm-none-eabi/bin/../lib/gcc/arm-none-eabi/13.3.1\libg.a(libc_a-mallocr.o)
                0x2000087c                __malloc_max_sbrked_mem
 .bss.__malloc_top_pad
                0x20000880        0x4 D:/compile-environment/arm-gnu-toolchain-13.3.rel1-mingw-w64-i686-arm-none-eabi/bin/../lib/gcc/arm-none-eabi/13.3.1\libg.a(libc_a-mallocr.o)
                0x20000880                __malloc_top_pad
 .bss.__atexit0
                0x20000884      0x190 D:/compile-environment/arm-gnu-toolchain-13.3.rel1-mingw-w64-i686-arm-none-eabi/bin/../lib/gcc/arm-none-eabi/13.3.1\libg.a(libc_a-__atexit.o)
                0x20000884                __atexit0
 *(COMMON)
                0x20000a14                        . = ALIGN (0x4)
                0x20000a14                        _ebss = .
                0x20000a14                        __bss_end__ = _ebss
                0x20000a18                        . = ALIGN (0x8)
                [!provide]                        PROVIDE (end = _ebss)
                0x20000a14                        PROVIDE (_end = _ebss)

.stack          0x20000a14      0x800
                0x20000a14                        PROVIDE (_heap_end = .)
                0x00000800                        . = __stack_size
 *fill*         0x20000a14      0x800 
                0x20001214                        PROVIDE (_sp = .)
START GROUP
LOAD D:/compile-environment/arm-gnu-toolchain-13.3.rel1-mingw-w64-i686-arm-none-eabi/bin/../lib/gcc/arm-none-eabi/13.3.1\libgcc.a
LOAD D:/compile-environment/arm-gnu-toolchain-13.3.rel1-mingw-w64-i686-arm-none-eabi/bin/../lib/gcc/arm-none-eabi/13.3.1\libc.a
LOAD D:/compile-environment/arm-gnu-toolchain-13.3.rel1-mingw-w64-i686-arm-none-eabi/bin/../lib/gcc/arm-none-eabi/13.3.1\libm.a
LOAD D:/compile-environment/arm-gnu-toolchain-13.3.rel1-mingw-w64-i686-arm-none-eabi/bin/../lib/gcc/arm-none-eabi/13.3.1\libnosys.a
END GROUP
OUTPUT(output\TEST elf32-littlearm)
LOAD linker stubs

.debug_info     0x00000000     0x585a
 .debug_info    0x00000000      0xbe5 CMakeFiles/TEST.dir/Firmware/src/gd32f307c_eval.c.obj
 .debug_info    0x00000be5      0x124 CMakeFiles/TEST.dir/Firmware/src/gd32f30x_it.c.obj
 .debug_info    0x00000d09      0xbf9 CMakeFiles/TEST.dir/Firmware/src/main.c.obj
 .debug_info    0x00001902      0x6aa CMakeFiles/TEST.dir/Firmware/src/systick.c.obj
 .debug_info    0x00001fac      0x826 CMakeFiles/TEST.dir/Firmware/Firmware/CMSIS/GD/GD32F30x/Source/syscalls.c.obj
 .debug_info    0x000027d2      0x279 CMakeFiles/TEST.dir/Firmware/Firmware/CMSIS/GD/GD32F30x/Source/system_gd32f30x.c.obj
 .debug_info    0x00002a4b      0x368 CMakeFiles/TEST.dir/Firmware/Firmware/GD32F30x_standard_peripheral/Source/gd32f30x_exti.c.obj
 .debug_info    0x00002db3      0x7d3 CMakeFiles/TEST.dir/Firmware/Firmware/GD32F30x_standard_peripheral/Source/gd32f30x_gpio.c.obj
 .debug_info    0x00003586      0x52d CMakeFiles/TEST.dir/Firmware/Firmware/GD32F30x_standard_peripheral/Source/gd32f30x_misc.c.obj
 .debug_info    0x00003ab3      0xeaf CMakeFiles/TEST.dir/Firmware/Firmware/GD32F30x_standard_peripheral/Source/gd32f30x_rcu.c.obj
 .debug_info    0x00004962      0xec8 CMakeFiles/TEST.dir/Firmware/Firmware/GD32F30x_standard_peripheral/Source/gd32f30x_usart.c.obj
 .debug_info    0x0000582a       0x30 CMakeFiles/TEST.dir/Firmware/gcc_startup/startup_gd32f30x_hd.S.obj

.debug_abbrev   0x00000000     0x12c7
 .debug_abbrev  0x00000000      0x1e2 CMakeFiles/TEST.dir/Firmware/src/gd32f307c_eval.c.obj
 .debug_abbrev  0x000001e2       0x7d CMakeFiles/TEST.dir/Firmware/src/gd32f30x_it.c.obj
 .debug_abbrev  0x0000025f      0x2ac CMakeFiles/TEST.dir/Firmware/src/main.c.obj
 .debug_abbrev  0x0000050b      0x1f4 CMakeFiles/TEST.dir/Firmware/src/systick.c.obj
 .debug_abbrev  0x000006ff      0x1e0 CMakeFiles/TEST.dir/Firmware/Firmware/CMSIS/GD/GD32F30x/Source/syscalls.c.obj
 .debug_abbrev  0x000008df      0x15f CMakeFiles/TEST.dir/Firmware/Firmware/CMSIS/GD/GD32F30x/Source/system_gd32f30x.c.obj
 .debug_abbrev  0x00000a3e      0x111 CMakeFiles/TEST.dir/Firmware/Firmware/GD32F30x_standard_peripheral/Source/gd32f30x_exti.c.obj
 .debug_abbrev  0x00000b4f      0x220 CMakeFiles/TEST.dir/Firmware/Firmware/GD32F30x_standard_peripheral/Source/gd32f30x_gpio.c.obj
 .debug_abbrev  0x00000d6f      0x170 CMakeFiles/TEST.dir/Firmware/Firmware/GD32F30x_standard_peripheral/Source/gd32f30x_misc.c.obj
 .debug_abbrev  0x00000edf      0x1c6 CMakeFiles/TEST.dir/Firmware/Firmware/GD32F30x_standard_peripheral/Source/gd32f30x_rcu.c.obj
 .debug_abbrev  0x000010a5      0x1fe CMakeFiles/TEST.dir/Firmware/Firmware/GD32F30x_standard_peripheral/Source/gd32f30x_usart.c.obj
 .debug_abbrev  0x000012a3       0x24 CMakeFiles/TEST.dir/Firmware/gcc_startup/startup_gd32f30x_hd.S.obj

.debug_loclists
                0x00000000     0x189e
 .debug_loclists
                0x00000000       0xee CMakeFiles/TEST.dir/Firmware/src/gd32f307c_eval.c.obj
 .debug_loclists
                0x000000ee       0x44 CMakeFiles/TEST.dir/Firmware/src/main.c.obj
 .debug_loclists
                0x00000132       0x60 CMakeFiles/TEST.dir/Firmware/src/systick.c.obj
 .debug_loclists
                0x00000192      0x2b7 CMakeFiles/TEST.dir/Firmware/Firmware/CMSIS/GD/GD32F30x/Source/syscalls.c.obj
 .debug_loclists
                0x00000449       0xfa CMakeFiles/TEST.dir/Firmware/Firmware/CMSIS/GD/GD32F30x/Source/system_gd32f30x.c.obj
 .debug_loclists
                0x00000543       0xfb CMakeFiles/TEST.dir/Firmware/Firmware/GD32F30x_standard_peripheral/Source/gd32f30x_exti.c.obj
 .debug_loclists
                0x0000063e      0x4b6 CMakeFiles/TEST.dir/Firmware/Firmware/GD32F30x_standard_peripheral/Source/gd32f30x_gpio.c.obj
 .debug_loclists
                0x00000af4      0x202 CMakeFiles/TEST.dir/Firmware/Firmware/GD32F30x_standard_peripheral/Source/gd32f30x_misc.c.obj
 .debug_loclists
                0x00000cf6      0x6a5 CMakeFiles/TEST.dir/Firmware/Firmware/GD32F30x_standard_peripheral/Source/gd32f30x_rcu.c.obj
 .debug_loclists
                0x0000139b      0x503 CMakeFiles/TEST.dir/Firmware/Firmware/GD32F30x_standard_peripheral/Source/gd32f30x_usart.c.obj

.debug_aranges  0x00000000      0x698
 .debug_aranges
                0x00000000       0x50 CMakeFiles/TEST.dir/Firmware/src/gd32f307c_eval.c.obj
 .debug_aranges
                0x00000050       0x60 CMakeFiles/TEST.dir/Firmware/src/gd32f30x_it.c.obj
 .debug_aranges
                0x000000b0       0x30 CMakeFiles/TEST.dir/Firmware/src/main.c.obj
 .debug_aranges
                0x000000e0       0x30 CMakeFiles/TEST.dir/Firmware/src/systick.c.obj
 .debug_aranges
                0x00000110       0xb8 CMakeFiles/TEST.dir/Firmware/Firmware/CMSIS/GD/GD32F30x/Source/syscalls.c.obj
 .debug_aranges
                0x000001c8       0x38 CMakeFiles/TEST.dir/Firmware/Firmware/CMSIS/GD/GD32F30x/Source/system_gd32f30x.c.obj
 .debug_aranges
                0x00000200       0x78 CMakeFiles/TEST.dir/Firmware/Firmware/GD32F30x_standard_peripheral/Source/gd32f30x_exti.c.obj
 .debug_aranges
                0x00000278       0xb0 CMakeFiles/TEST.dir/Firmware/Firmware/GD32F30x_standard_peripheral/Source/gd32f30x_gpio.c.obj
 .debug_aranges
                0x00000328       0x50 CMakeFiles/TEST.dir/Firmware/Firmware/GD32F30x_standard_peripheral/Source/gd32f30x_misc.c.obj
 .debug_aranges
                0x00000378      0x150 CMakeFiles/TEST.dir/Firmware/Firmware/GD32F30x_standard_peripheral/Source/gd32f30x_rcu.c.obj
 .debug_aranges
                0x000004c8      0x1a8 CMakeFiles/TEST.dir/Firmware/Firmware/GD32F30x_standard_peripheral/Source/gd32f30x_usart.c.obj
 .debug_aranges
                0x00000670       0x28 CMakeFiles/TEST.dir/Firmware/gcc_startup/startup_gd32f30x_hd.S.obj

.debug_rnglists
                0x00000000      0x4c3
 .debug_rnglists
                0x00000000       0x39 CMakeFiles/TEST.dir/Firmware/src/gd32f307c_eval.c.obj
 .debug_rnglists
                0x00000039       0x43 CMakeFiles/TEST.dir/Firmware/src/gd32f30x_it.c.obj
 .debug_rnglists
                0x0000007c       0x20 CMakeFiles/TEST.dir/Firmware/src/main.c.obj
 .debug_rnglists
                0x0000009c       0x1f CMakeFiles/TEST.dir/Firmware/src/systick.c.obj
 .debug_rnglists
                0x000000bb       0x85 CMakeFiles/TEST.dir/Firmware/Firmware/CMSIS/GD/GD32F30x/Source/syscalls.c.obj
 .debug_rnglists
                0x00000140       0x28 CMakeFiles/TEST.dir/Firmware/Firmware/CMSIS/GD/GD32F30x/Source/system_gd32f30x.c.obj
 .debug_rnglists
                0x00000168       0x56 CMakeFiles/TEST.dir/Firmware/Firmware/GD32F30x_standard_peripheral/Source/gd32f30x_exti.c.obj
 .debug_rnglists
                0x000001be       0x81 CMakeFiles/TEST.dir/Firmware/Firmware/GD32F30x_standard_peripheral/Source/gd32f30x_gpio.c.obj
 .debug_rnglists
                0x0000023f       0x38 CMakeFiles/TEST.dir/Firmware/Firmware/GD32F30x_standard_peripheral/Source/gd32f30x_misc.c.obj
 .debug_rnglists
                0x00000277       0xf9 CMakeFiles/TEST.dir/Firmware/Firmware/GD32F30x_standard_peripheral/Source/gd32f30x_rcu.c.obj
 .debug_rnglists
                0x00000370      0x13a CMakeFiles/TEST.dir/Firmware/Firmware/GD32F30x_standard_peripheral/Source/gd32f30x_usart.c.obj
 .debug_rnglists
                0x000004aa       0x19 CMakeFiles/TEST.dir/Firmware/gcc_startup/startup_gd32f30x_hd.S.obj

.debug_line     0x00000000     0x3b66
 .debug_line    0x00000000      0x3c6 CMakeFiles/TEST.dir/Firmware/src/gd32f307c_eval.c.obj
 .debug_line    0x000003c6      0x15b CMakeFiles/TEST.dir/Firmware/src/gd32f30x_it.c.obj
 .debug_line    0x00000521      0x43e CMakeFiles/TEST.dir/Firmware/src/main.c.obj
 .debug_line    0x0000095f      0x334 CMakeFiles/TEST.dir/Firmware/src/systick.c.obj
 .debug_line    0x00000c93      0x4a2 CMakeFiles/TEST.dir/Firmware/Firmware/CMSIS/GD/GD32F30x/Source/syscalls.c.obj
 .debug_line    0x00001135      0x558 CMakeFiles/TEST.dir/Firmware/Firmware/CMSIS/GD/GD32F30x/Source/system_gd32f30x.c.obj
 .debug_line    0x0000168d      0x42f CMakeFiles/TEST.dir/Firmware/Firmware/GD32F30x_standard_peripheral/Source/gd32f30x_exti.c.obj
 .debug_line    0x00001abc      0x75e CMakeFiles/TEST.dir/Firmware/Firmware/GD32F30x_standard_peripheral/Source/gd32f30x_gpio.c.obj
 .debug_line    0x0000221a      0x375 CMakeFiles/TEST.dir/Firmware/Firmware/GD32F30x_standard_peripheral/Source/gd32f30x_misc.c.obj
 .debug_line    0x0000258f      0xba8 CMakeFiles/TEST.dir/Firmware/Firmware/GD32F30x_standard_peripheral/Source/gd32f30x_rcu.c.obj
 .debug_line    0x00003137      0x9bb CMakeFiles/TEST.dir/Firmware/Firmware/GD32F30x_standard_peripheral/Source/gd32f30x_usart.c.obj
 .debug_line    0x00003af2       0x74 CMakeFiles/TEST.dir/Firmware/gcc_startup/startup_gd32f30x_hd.S.obj

.debug_str      0x00000000     0x2c46
 .debug_str     0x00000000     0x2c46 CMakeFiles/TEST.dir/Firmware/src/gd32f307c_eval.c.obj
                                0xb4d (size before relaxing)
 .debug_str     0x00002c46      0x233 CMakeFiles/TEST.dir/Firmware/src/gd32f30x_it.c.obj
 .debug_str     0x00002c46      0x784 CMakeFiles/TEST.dir/Firmware/src/main.c.obj
 .debug_str     0x00002c46      0x70a CMakeFiles/TEST.dir/Firmware/src/systick.c.obj
 .debug_str     0x00002c46      0x48e CMakeFiles/TEST.dir/Firmware/Firmware/CMSIS/GD/GD32F30x/Source/syscalls.c.obj
 .debug_str     0x00002c46      0x2b7 CMakeFiles/TEST.dir/Firmware/Firmware/CMSIS/GD/GD32F30x/Source/system_gd32f30x.c.obj
 .debug_str     0x00002c46      0x408 CMakeFiles/TEST.dir/Firmware/Firmware/GD32F30x_standard_peripheral/Source/gd32f30x_exti.c.obj
 .debug_str     0x00002c46      0x637 CMakeFiles/TEST.dir/Firmware/Firmware/GD32F30x_standard_peripheral/Source/gd32f30x_gpio.c.obj
 .debug_str     0x00002c46      0x3db CMakeFiles/TEST.dir/Firmware/Firmware/GD32F30x_standard_peripheral/Source/gd32f30x_misc.c.obj
 .debug_str     0x00002c46      0xdff CMakeFiles/TEST.dir/Firmware/Firmware/GD32F30x_standard_peripheral/Source/gd32f30x_rcu.c.obj
 .debug_str     0x00002c46      0xd37 CMakeFiles/TEST.dir/Firmware/Firmware/GD32F30x_standard_peripheral/Source/gd32f30x_usart.c.obj
 .debug_str     0x00002c46       0x81 CMakeFiles/TEST.dir/Firmware/gcc_startup/startup_gd32f30x_hd.S.obj

.comment        0x00000000       0x45
 .comment       0x00000000       0x45 CMakeFiles/TEST.dir/Firmware/src/gd32f307c_eval.c.obj
                                 0x46 (size before relaxing)
 .comment       0x00000045       0x46 CMakeFiles/TEST.dir/Firmware/src/gd32f30x_it.c.obj
 .comment       0x00000045       0x46 CMakeFiles/TEST.dir/Firmware/src/main.c.obj
 .comment       0x00000045       0x46 CMakeFiles/TEST.dir/Firmware/src/systick.c.obj
 .comment       0x00000045       0x46 CMakeFiles/TEST.dir/Firmware/Firmware/CMSIS/GD/GD32F30x/Source/syscalls.c.obj
 .comment       0x00000045       0x46 CMakeFiles/TEST.dir/Firmware/Firmware/CMSIS/GD/GD32F30x/Source/system_gd32f30x.c.obj
 .comment       0x00000045       0x46 CMakeFiles/TEST.dir/Firmware/Firmware/GD32F30x_standard_peripheral/Source/gd32f30x_exti.c.obj
 .comment       0x00000045       0x46 CMakeFiles/TEST.dir/Firmware/Firmware/GD32F30x_standard_peripheral/Source/gd32f30x_gpio.c.obj
 .comment       0x00000045       0x46 CMakeFiles/TEST.dir/Firmware/Firmware/GD32F30x_standard_peripheral/Source/gd32f30x_misc.c.obj
 .comment       0x00000045       0x46 CMakeFiles/TEST.dir/Firmware/Firmware/GD32F30x_standard_peripheral/Source/gd32f30x_rcu.c.obj
 .comment       0x00000045       0x46 CMakeFiles/TEST.dir/Firmware/Firmware/GD32F30x_standard_peripheral/Source/gd32f30x_usart.c.obj

.debug_frame    0x00000000     0x27f4
 .debug_frame   0x00000000       0xb8 CMakeFiles/TEST.dir/Firmware/src/gd32f307c_eval.c.obj
 .debug_frame   0x000000b8       0xa8 CMakeFiles/TEST.dir/Firmware/src/gd32f30x_it.c.obj
 .debug_frame   0x00000160       0x58 CMakeFiles/TEST.dir/Firmware/src/main.c.obj
 .debug_frame   0x000001b8       0x40 CMakeFiles/TEST.dir/Firmware/src/systick.c.obj
 .debug_frame   0x000001f8      0x180 CMakeFiles/TEST.dir/Firmware/Firmware/CMSIS/GD/GD32F30x/Source/syscalls.c.obj
 .debug_frame   0x00000378       0x70 CMakeFiles/TEST.dir/Firmware/Firmware/CMSIS/GD/GD32F30x/Source/system_gd32f30x.c.obj
 .debug_frame   0x000003e8       0xdc CMakeFiles/TEST.dir/Firmware/Firmware/GD32F30x_standard_peripheral/Source/gd32f30x_exti.c.obj
 .debug_frame   0x000004c4      0x178 CMakeFiles/TEST.dir/Firmware/Firmware/GD32F30x_standard_peripheral/Source/gd32f30x_gpio.c.obj
 .debug_frame   0x0000063c       0x8c CMakeFiles/TEST.dir/Firmware/Firmware/GD32F30x_standard_peripheral/Source/gd32f30x_misc.c.obj
 .debug_frame   0x000006c8      0x2a4 CMakeFiles/TEST.dir/Firmware/Firmware/GD32F30x_standard_peripheral/Source/gd32f30x_rcu.c.obj
 .debug_frame   0x0000096c      0x35c CMakeFiles/TEST.dir/Firmware/Firmware/GD32F30x_standard_peripheral/Source/gd32f30x_usart.c.obj
 .debug_frame   0x00000cc8      0x170 D:/compile-environment/arm-gnu-toolchain-13.3.rel1-mingw-w64-i686-arm-none-eabi/bin/../lib/gcc/arm-none-eabi/13.3.1\libg.a(libc_a-findfp.o)
 .debug_frame   0x00000e38       0x40 D:/compile-environment/arm-gnu-toolchain-13.3.rel1-mingw-w64-i686-arm-none-eabi/bin/../lib/gcc/arm-none-eabi/13.3.1\libg.a(libc_a-fwalk.o)
 .debug_frame   0x00000e78       0x74 D:/compile-environment/arm-gnu-toolchain-13.3.rel1-mingw-w64-i686-arm-none-eabi/bin/../lib/gcc/arm-none-eabi/13.3.1\libg.a(libc_a-printf.o)
 .debug_frame   0x00000eec       0xa0 D:/compile-environment/arm-gnu-toolchain-13.3.rel1-mingw-w64-i686-arm-none-eabi/bin/../lib/gcc/arm-none-eabi/13.3.1\libg.a(libc_a-stdio.o)
 .debug_frame   0x00000f8c       0x34 D:/compile-environment/arm-gnu-toolchain-13.3.rel1-mingw-w64-i686-arm-none-eabi/bin/../lib/gcc/arm-none-eabi/13.3.1\libg.a(libc_a-memset.o)
 .debug_frame   0x00000fc0       0x34 D:/compile-environment/arm-gnu-toolchain-13.3.rel1-mingw-w64-i686-arm-none-eabi/bin/../lib/gcc/arm-none-eabi/13.3.1\libg.a(libc_a-closer.o)
 .debug_frame   0x00000ff4       0x40 D:/compile-environment/arm-gnu-toolchain-13.3.rel1-mingw-w64-i686-arm-none-eabi/bin/../lib/gcc/arm-none-eabi/13.3.1\libg.a(libc_a-reent.o)
 .debug_frame   0x00001034       0x34 D:/compile-environment/arm-gnu-toolchain-13.3.rel1-mingw-w64-i686-arm-none-eabi/bin/../lib/gcc/arm-none-eabi/13.3.1\libg.a(libc_a-lseekr.o)
 .debug_frame   0x00001068       0x34 D:/compile-environment/arm-gnu-toolchain-13.3.rel1-mingw-w64-i686-arm-none-eabi/bin/../lib/gcc/arm-none-eabi/13.3.1\libg.a(libc_a-readr.o)
 .debug_frame   0x0000109c       0x34 D:/compile-environment/arm-gnu-toolchain-13.3.rel1-mingw-w64-i686-arm-none-eabi/bin/../lib/gcc/arm-none-eabi/13.3.1\libg.a(libc_a-writer.o)
 .debug_frame   0x000010d0       0x34 D:/compile-environment/arm-gnu-toolchain-13.3.rel1-mingw-w64-i686-arm-none-eabi/bin/../lib/gcc/arm-none-eabi/13.3.1\libg.a(libc_a-init.o)
 .debug_frame   0x00001104       0xb0 D:/compile-environment/arm-gnu-toolchain-13.3.rel1-mingw-w64-i686-arm-none-eabi/bin/../lib/gcc/arm-none-eabi/13.3.1\libg.a(libc_a-lock.o)
 .debug_frame   0x000011b4       0x68 D:/compile-environment/arm-gnu-toolchain-13.3.rel1-mingw-w64-i686-arm-none-eabi/bin/../lib/gcc/arm-none-eabi/13.3.1\libg.a(libc_a-__call_atexit.o)
 .debug_frame   0x0000121c       0x2c D:/compile-environment/arm-gnu-toolchain-13.3.rel1-mingw-w64-i686-arm-none-eabi/bin/../lib/gcc/arm-none-eabi/13.3.1\libg.a(libc_a-atexit.o)
 .debug_frame   0x00001248       0x70 D:/compile-environment/arm-gnu-toolchain-13.3.rel1-mingw-w64-i686-arm-none-eabi/bin/../lib/gcc/arm-none-eabi/13.3.1\libg.a(libc_a-freer.o)
 .debug_frame   0x000012b8       0x60 D:/compile-environment/arm-gnu-toolchain-13.3.rel1-mingw-w64-i686-arm-none-eabi/bin/../lib/gcc/arm-none-eabi/13.3.1\libg.a(libc_a-mallocr.o)
 .debug_frame   0x00001318       0x48 D:/compile-environment/arm-gnu-toolchain-13.3.rel1-mingw-w64-i686-arm-none-eabi/bin/../lib/gcc/arm-none-eabi/13.3.1\libg.a(libc_a-mlock.o)
 .debug_frame   0x00001360       0xb0 D:/compile-environment/arm-gnu-toolchain-13.3.rel1-mingw-w64-i686-arm-none-eabi/bin/../lib/gcc/arm-none-eabi/13.3.1\libg.a(libc_a-vfprintf.o)
 .debug_frame   0x00001410       0x2c D:/compile-environment/arm-gnu-toolchain-13.3.rel1-mingw-w64-i686-arm-none-eabi/bin/../lib/gcc/arm-none-eabi/13.3.1\libg.a(libc_a-sprint_r.o)
 .debug_frame   0x0000143c       0x50 D:/compile-environment/arm-gnu-toolchain-13.3.rel1-mingw-w64-i686-arm-none-eabi/bin/../lib/gcc/arm-none-eabi/13.3.1\libg.a(libc_a-fclose.o)
 .debug_frame   0x0000148c       0xa4 D:/compile-environment/arm-gnu-toolchain-13.3.rel1-mingw-w64-i686-arm-none-eabi/bin/../lib/gcc/arm-none-eabi/13.3.1\libg.a(libc_a-fflush.o)
 .debug_frame   0x00001530       0x70 D:/compile-environment/arm-gnu-toolchain-13.3.rel1-mingw-w64-i686-arm-none-eabi/bin/../lib/gcc/arm-none-eabi/13.3.1\libg.a(libc_a-fvwrite.o)
 .debug_frame   0x000015a0       0x38 D:/compile-environment/arm-gnu-toolchain-13.3.rel1-mingw-w64-i686-arm-none-eabi/bin/../lib/gcc/arm-none-eabi/13.3.1\libg.a(libc_a-wsetup.o)
 .debug_frame   0x000015d8       0x34 D:/compile-environment/arm-gnu-toolchain-13.3.rel1-mingw-w64-i686-arm-none-eabi/bin/../lib/gcc/arm-none-eabi/13.3.1\libg.a(libc_a-memmove.o)
 .debug_frame   0x0000160c       0x3c D:/compile-environment/arm-gnu-toolchain-13.3.rel1-mingw-w64-i686-arm-none-eabi/bin/../lib/gcc/arm-none-eabi/13.3.1\libg.a(libc_a-strncpy.o)
 .debug_frame   0x00001648      0x128 D:/compile-environment/arm-gnu-toolchain-13.3.rel1-mingw-w64-i686-arm-none-eabi/bin/../lib/gcc/arm-none-eabi/13.3.1\libg.a(libc_a-locale.o)
 .debug_frame   0x00001770       0x40 D:/compile-environment/arm-gnu-toolchain-13.3.rel1-mingw-w64-i686-arm-none-eabi/bin/../lib/gcc/arm-none-eabi/13.3.1\libg.a(libc_a-localeconv.o)
 .debug_frame   0x000017b0       0x3c D:/compile-environment/arm-gnu-toolchain-13.3.rel1-mingw-w64-i686-arm-none-eabi/bin/../lib/gcc/arm-none-eabi/13.3.1\libg.a(libc_a-sbrkr.o)
 .debug_frame   0x000017ec       0x34 D:/compile-environment/arm-gnu-toolchain-13.3.rel1-mingw-w64-i686-arm-none-eabi/bin/../lib/gcc/arm-none-eabi/13.3.1\libg.a(libc_a-fini.o)
 .debug_frame   0x00001820       0x2c D:/compile-environment/arm-gnu-toolchain-13.3.rel1-mingw-w64-i686-arm-none-eabi/bin/../lib/gcc/arm-none-eabi/13.3.1\libg.a(libc_a-sysconf.o)
 .debug_frame   0x0000184c       0x44 D:/compile-environment/arm-gnu-toolchain-13.3.rel1-mingw-w64-i686-arm-none-eabi/bin/../lib/gcc/arm-none-eabi/13.3.1\libg.a(libc_a-memchr-stub.o)
 .debug_frame   0x00001890       0x3c D:/compile-environment/arm-gnu-toolchain-13.3.rel1-mingw-w64-i686-arm-none-eabi/bin/../lib/gcc/arm-none-eabi/13.3.1\libg.a(libc_a-memcpy-stub.o)
 .debug_frame   0x000018cc       0x20 D:/compile-environment/arm-gnu-toolchain-13.3.rel1-mingw-w64-i686-arm-none-eabi/bin/../lib/gcc/arm-none-eabi/13.3.1\libg.a(libc_a-strlen-stub.o)
 .debug_frame   0x000018ec       0x34 D:/compile-environment/arm-gnu-toolchain-13.3.rel1-mingw-w64-i686-arm-none-eabi/bin/../lib/gcc/arm-none-eabi/13.3.1\libg.a(libm_a-s_frexp.o)
 .debug_frame   0x00001920       0x3c D:/compile-environment/arm-gnu-toolchain-13.3.rel1-mingw-w64-i686-arm-none-eabi/bin/../lib/gcc/arm-none-eabi/13.3.1\libg.a(libc_a-__atexit.o)